Archive member included to satisfy reference by file (symbol)

E:/DevKitPro/libctru/lib\libcitro2d.a(base.o)
                              main.o (C2D_Init)
E:/DevKitPro/libctru/lib\libcitro2d.a(spritesheet.o)
                              main.o (C2D_SpriteSheetLoad)
E:/DevKitPro/libctru/lib\libcitro2d.a(render2d.shbin.o)
                              E:/DevKitPro/libctru/lib\libcitro2d.a(base.o) (render2d_shbin)
E:/DevKitPro/libctru/lib\libcitro3d.a(base.o)
                              main.o (C3D_Init)
E:/DevKitPro/libctru/lib\libcitro3d.a(renderqueue.o)
                              E:/DevKitPro/libctru/lib\libcitro3d.a(base.o) (C3Di_RenderQueueEnableVBlank)
E:/DevKitPro/libctru/lib\libcitro3d.a(texture.o)
                              E:/DevKitPro/libctru/lib\libcitro2d.a(base.o) (C3D_TexBind)
E:/DevKitPro/libctru/lib\libcitro3d.a(tex3ds.o)
                              E:/DevKitPro/libctru/lib\libcitro2d.a(spritesheet.o) (Tex3DS_TextureImport)
E:/DevKitPro/libctru/lib\libcitro3d.a(framebuffer.o)
                              E:/DevKitPro/libctru/lib\libcitro3d.a(renderqueue.o) (C3D_CalcColorBufSize)
E:/DevKitPro/libctru/lib\libcitro3d.a(texenv.o)
                              E:/DevKitPro/libctru/lib\libcitro2d.a(base.o) (C3D_GetTexEnv)
E:/DevKitPro/libctru/lib\libcitro3d.a(drawElements.o)
                              E:/DevKitPro/libctru/lib\libcitro2d.a(base.o) (C3D_DrawElements)
E:/DevKitPro/libctru/lib\libcitro3d.a(proctex.o)
                              E:/DevKitPro/libctru/lib\libcitro2d.a(base.o) (C3D_ProcTexInit)
E:/DevKitPro/libctru/lib\libcitro3d.a(buffers.o)
                              E:/DevKitPro/libctru/lib\libcitro2d.a(base.o) (BufInfo_Init)
E:/DevKitPro/libctru/lib\libcitro3d.a(effect.o)
                              E:/DevKitPro/libctru/lib\libcitro3d.a(base.o) (C3D_DepthMap)
E:/DevKitPro/libctru/lib\libcitro3d.a(attribs.o)
                              E:/DevKitPro/libctru/lib\libcitro2d.a(base.o) (AttrInfo_Init)
E:/DevKitPro/libctru/lib\libcitro3d.a(immediate.o)
                              E:/DevKitPro/libctru/lib\libcitro3d.a(base.o) (C3D_ImmSendAttrib)
E:/DevKitPro/libctru/lib\libcitro3d.a(uniforms.o)
                              E:/DevKitPro/libctru/lib\libcitro3d.a(base.o) (C3D_UpdateUniforms)
E:/DevKitPro/libctru/lib\libcitro3d.a(mtx_ortho.o)
                              E:/DevKitPro/libctru/lib\libcitro2d.a(base.o) (Mtx_Ortho)
E:/DevKitPro/libctru/lib\libcitro3d.a(mtx_scale.o)
                              E:/DevKitPro/libctru/lib\libcitro2d.a(base.o) (Mtx_Scale)
E:/DevKitPro/libctru/lib\libcitro3d.a(mtx_multiply.o)
                              E:/DevKitPro/libctru/lib\libcitro2d.a(base.o) (Mtx_Multiply)
E:/DevKitPro/libctru/lib\libcitro3d.a(mtx_orthotilt.o)
                              E:/DevKitPro/libctru/lib\libcitro2d.a(base.o) (Mtx_OrthoTilt)
E:/DevKitPro/libctru/lib\libcitro3d.a(mtx_translate.o)
                              E:/DevKitPro/libctru/lib\libcitro2d.a(base.o) (Mtx_Translate)
E:/DevKitPro/libctru/lib\libcitro3d.a(mtx_rotatez.o)
                              E:/DevKitPro/libctru/lib\libcitro2d.a(base.o) (Mtx_RotateZ)
E:/DevKitPro/libctru/lib\libctru.a(vram.o)
                              E:/DevKitPro/libctru/lib\libcitro3d.a(renderqueue.o) (vramAlloc)
E:/DevKitPro/libctru/lib\libctru.a(linear.o)
                              E:/DevKitPro/libctru/lib\libcitro2d.a(base.o) (linearAlloc)
E:/DevKitPro/libctru/lib\libctru.a(mem_pool.o)
                              E:/DevKitPro/libctru/lib\libctru.a(vram.o) (MemPool::Allocate(MemChunk&, unsigned long, int))
E:/DevKitPro/libctru/lib\libctru.a(romfs_dev.o)
                              main.o (romfsMountSelf)
E:/DevKitPro/libctru/lib\libctru.a(os.o)
                              E:/DevKitPro/libctru/lib\libcitro3d.a(texture.o) (osConvertVirtToPhys)
E:/DevKitPro/libctru/lib\libctru.a(console.o)
                              main.o (consoleInit)
E:/DevKitPro/libctru/lib\libctru.a(path_buf.o)
                              E:/DevKitPro/libctru/lib\libctru.a(romfs_dev.o) (__ctru_dev_utf16_buf)
E:/DevKitPro/libctru/lib\libctru.a(gfx.o)
                              E:/DevKitPro/libctru/lib\libcitro2d.a(base.o) (gfxIsWide)
E:/DevKitPro/libctru/lib\libctru.a(shaderProgram.o)
                              E:/DevKitPro/libctru/lib\libcitro2d.a(base.o) (shaderInstanceGetUniformLocation)
E:/DevKitPro/libctru/lib\libctru.a(shbin.o)
                              E:/DevKitPro/libctru/lib\libcitro2d.a(base.o) (DVLB_ParseFile)
E:/DevKitPro/libctru/lib\libctru.a(gx.o)
                              E:/DevKitPro/libctru/lib\libcitro3d.a(renderqueue.o) (GX_BindQueue)
E:/DevKitPro/libctru/lib\libctru.a(gxqueue.o)
                              E:/DevKitPro/libctru/lib\libcitro3d.a(renderqueue.o) (gxCmdQueueClear)
E:/DevKitPro/libctru/lib\libctru.a(gpu.o)
                              E:/DevKitPro/libctru/lib\libcitro3d.a(base.o) (gpuCmdBufOffset)
[...]
Memory Configuration

Name             Origin             Length             Attributes
*default*        0x00000000         0xffffffff

Linker script and memory map

                0x00100000                        PROVIDE (__start__ = 0x100000)
                0x00100000                        . = __start__

.text           0x00100000    0x2b448
 *(.crt0)
 .crt0          0x00100000       0x94 e:/devkitpro/devkitarm/bin/../lib/gcc/arm-none-eabi/12.2.0/../../../../arm-none-eabi/lib/armv6k/fpu/3dsx_crt0.o
                0x00100000                _start
                0x00100008                __service_ptr
                0x0010000c                __apt_appid
                0x00100010                __heap_size
                0x00100014                __linear_heap_size
                0x00100018                __system_arglist
                0x0010001c                __system_runflags
 *(.init)
 .init          0x00100094        0xc e:/devkitpro/devkitarm/bin/../lib/gcc/arm-none-eabi/12.2.0/armv6k/fpu/crti.o
                0x00100094                _init
 .init          0x001000a0        0xc e:/devkitpro/devkitarm/bin/../lib/gcc/arm-none-eabi/12.2.0/armv6k/fpu/crtn.o
                0x001000ac                        . = ALIGN (0x4)
 *(.text)
 .text          0x001000ac      0x20c e:/devkitpro/devkitarm/bin/../lib/gcc/arm-none-eabi/12.2.0/armv6k/fpu\libgcc.a(_udivsi3.o)
                0x001000ac                __aeabi_uidiv
                0x001000ac                __udivsi3
                0x00100298                __aeabi_uidivmod
 .text          0x001002b8      0x240 e:/devkitpro/devkitarm/bin/../lib/gcc/arm-none-eabi/12.2.0/armv6k/fpu\libgcc.a(_divsi3.o)
                0x001002b8                __divsi3
                0x001002b8                __aeabi_idiv
                0x001004d8                __aeabi_idivmod
 .text          0x001004f8        0x4 e:/devkitpro/devkitarm/bin/../lib/gcc/arm-none-eabi/12.2.0/armv6k/fpu\libgcc.a(_dvmd_tls.o)
                0x001004f8                __aeabi_idiv0
                0x001004f8                __aeabi_ldiv0
 .text          0x001004fc      0x3c0 e:/devkitpro/devkitarm/bin/../lib/gcc/arm-none-eabi/12.2.0/armv6k/fpu\libgcc.a(_arm_addsubdf3.o)
                0x001004fc                __aeabi_drsub
                0x00100504                __aeabi_dsub
                0x00100504                __subdf3
                0x00100508                __aeabi_dadd
                0x00100508                __adddf3
                0x001007b4                __floatunsidf
                0x001007b4                __aeabi_ui2d
                0x001007d8                __floatsidf
                0x001007d8                __aeabi_i2d
                0x00100800                __aeabi_f2d
                0x00100800                __extendsfdf2
                0x00100848                __floatundidf
                0x00100848                __aeabi_ul2d
                0x0010085c                __floatdidf
                0x0010085c                __aeabi_l2d
 .text          0x001008bc       0xd4 e:/devkitpro/devkitarm/bin/../lib/gcc/arm-none-eabi/12.2.0/armv6k/fpu\libgcc.a(_aeabi_ldivmod.o)
                0x001008bc                __aeabi_ldivmod
 .text          0x00100990       0x3c e:/devkitpro/devkitarm/bin/../lib/gcc/arm-none-eabi/12.2.0/armv6k/fpu\libgcc.a(_aeabi_uldivmod.o)
                0x00100990                __aeabi_uldivmod
 *fill*         0x001009cc       0x14 
 .text          0x001009e0      0x390 e:/devkitpro/devkitarm/bin/../lib/gcc/arm-none-eabi/12.2.0/../../../../arm-none-eabi/lib/armv6k/fpu\libg.a(libc_a-strcmp.o)
                0x001009e8                strcmp
 *(.text.*)
 .text.__do_global_dtors_aux
                0x00100d70       0x40 e:/devkitpro/devkitarm/bin/../lib/gcc/arm-none-eabi/12.2.0/armv6k/fpu/crtbegin.o
 .text.frame_dummy
                0x00100db0       0x2c e:/devkitpro/devkitarm/bin/../lib/gcc/arm-none-eabi/12.2.0/armv6k/fpu/crtbegin.o
 .text.getSysLanguage
                0x00100ddc       0x44 main.o
                0x00100ddc                getSysLanguage
 .text.updateSpriteList
                0x00100e20      0x158 main.o
                0x00100e20                updateSpriteList
 .text.CountLiveCells
                0x00100f78       0x80 main.o
                0x00100f78                CountLiveCells
 .text.GameOfLife
                0x00100ff8       0xd0 main.o
                0x00100ff8                GameOfLife
 .text.InitGameOfLife
                0x001010c8       0xe0 main.o
                0x001010c8                InitGameOfLife
 .text.startup.main
                0x001011a8      0x2bc main.o
                0x001011a8                main
 .text.C2Di_FrameEndHook
                0x00101464       0x44 E:/DevKitPro/libctru/lib\libcitro2d.a(base.o)
 .text.C2D_Init
                0x001014a8      0x36c E:/DevKitPro/libctru/lib\libcitro2d.a(base.o)
                0x001014a8                C2D_Init
 .text.C2D_Fini
                0x00101814       0x4c E:/DevKitPro/libctru/lib\libcitro2d.a(base.o)
                0x00101814                C2D_Fini
 .text.C2D_Prepare
                0x00101860       0xb8 E:/DevKitPro/libctru/lib\libcitro2d.a(base.o)
                0x00101860                C2D_Prepare
 .text.C2D_Flush
                0x00101918       0x48 E:/DevKitPro/libctru/lib\libcitro2d.a(base.o)
                0x00101918                C2D_Flush
 .text.C2D_SceneSize
                0x00101960      0x104 E:/DevKitPro/libctru/lib\libcitro2d.a(base.o)
                0x00101960                C2D_SceneSize
 .text.C2D_CreateScreenTarget
                0x00101a64       0x58 E:/DevKitPro/libctru/lib\libcitro2d.a(base.o)
                0x00101a64                C2D_CreateScreenTarget
 .text.C2D_TargetClear
                0x00101abc       0x64 E:/DevKitPro/libctru/lib\libcitro2d.a(base.o)
                0x00101abc                C2D_TargetClear
 .text.C2Di_CalcQuad
                0x00101b20      0x13c E:/DevKitPro/libctru/lib\libcitro2d.a(base.o)
                0x00101b20                C2Di_CalcQuad
 .text.C2Di_AppendQuad
                0x00101c5c       0x58 E:/DevKitPro/libctru/lib\libcitro2d.a(base.o)
                0x00101c5c                C2Di_AppendQuad
 .text.C2Di_Update
                0x00101cb4      0x550 E:/DevKitPro/libctru/lib\libcitro2d.a(base.o)
                0x00101cb4                C2Di_Update
 .text.C2D_DrawImage
                0x00102204      0x2b0 E:/DevKitPro/libctru/lib\libcitro2d.a(base.o)
                0x00102204                C2D_DrawImage
 .text.C2D_SpriteSheetLoadFromHandle
                0x001024b4       0x6c E:/DevKitPro/libctru/lib\libcitro2d.a(spritesheet.o)
                0x001024b4                C2D_SpriteSheetLoadFromHandle
 .text.C2D_SpriteSheetLoad
                0x00102520       0x48 E:/DevKitPro/libctru/lib\libcitro2d.a(spritesheet.o)
                0x00102520                C2D_SpriteSheetLoad
 .text.C2D_SpriteSheetFree
                0x00102568       0x28 E:/DevKitPro/libctru/lib\libcitro2d.a(spritesheet.o)
                0x00102568                C2D_SpriteSheetFree
 .text.C2D_SpriteSheetGetImage
                0x00102590       0x2c E:/DevKitPro/libctru/lib\libcitro2d.a(spritesheet.o)
                0x00102590                C2D_SpriteSheetGetImage
 .text.C3Di_LightEnvUpdate
                0x001025bc        0x4 E:/DevKitPro/libctru/lib\libcitro3d.a(base.o)
                0x001025bc                C3Di_LightEnvUpdate
 .text.C3Di_LightEnvDirty
                0x001025c0        0x4 E:/DevKitPro/libctru/lib\libcitro3d.a(base.o)
                0x001025c0                C3Di_LightEnvDirty
 .text.C3Di_AptEventHook
                0x001025c4       0xb4 E:/DevKitPro/libctru/lib\libcitro3d.a(base.o)
 .text.C3Di_GasUpdate
                0x00102678        0x4 E:/DevKitPro/libctru/lib\libcitro3d.a(base.o)
                0x00102678                C3Di_GasUpdate
 .text.C3D_Init
                0x0010267c      0x1e0 E:/DevKitPro/libctru/lib\libcitro3d.a(base.o)
                0x0010267c                C3D_Init
 .text.C3D_SetViewport
                0x0010285c       0x98 E:/DevKitPro/libctru/lib\libcitro3d.a(base.o)
                0x0010285c                C3D_SetViewport
 .text.C3Di_UpdateContext
                0x001028f4      0x4e8 E:/DevKitPro/libctru/lib\libcitro3d.a(base.o)
                0x001028f4                C3Di_UpdateContext
 .text.C3Di_SplitFrame
                0x00102ddc       0xe0 E:/DevKitPro/libctru/lib\libcitro3d.a(base.o)
                0x00102ddc                C3Di_SplitFrame
 .text.C3D_GetCmdBufUsage
                0x00102ebc       0x10 E:/DevKitPro/libctru/lib\libcitro3d.a(base.o)
                0x00102ebc                C3D_GetCmdBufUsage
 .text.C3D_Fini
                0x00102ecc       0x44 E:/DevKitPro/libctru/lib\libcitro3d.a(base.o)
                0x00102ecc                C3D_Fini
 .text.C3D_BindProgram
                0x00102f10      0x114 E:/DevKitPro/libctru/lib\libcitro3d.a(base.o)
                0x00102f10                C3D_BindProgram
 .text.onVBlank0
                0x00103024       0x4c E:/DevKitPro/libctru/lib\libcitro3d.a(renderqueue.o)
 .text.onVBlank1
                0x00103070       0x4c E:/DevKitPro/libctru/lib\libcitro3d.a(renderqueue.o)
 .text.C3Di_RenderTargetDestroy
                0x001030bc       0x80 E:/DevKitPro/libctru/lib\libcitro3d.a(renderqueue.o)
 .text.onQueueFinish
                0x0010313c       0xf4 E:/DevKitPro/libctru/lib\libcitro3d.a(renderqueue.o)
 .text.C3Di_RenderQueueEnableVBlank
                0x00103230       0x38 E:/DevKitPro/libctru/lib\libcitro3d.a(renderqueue.o)
                0x00103230                C3Di_RenderQueueEnableVBlank
 .text.C3Di_RenderQueueDisableVBlank
                0x00103268       0x30 E:/DevKitPro/libctru/lib\libcitro3d.a(renderqueue.o)
                0x00103268                C3Di_RenderQueueDisableVBlank
 .text.C3Di_RenderQueueInit
                0x00103298       0x60 E:/DevKitPro/libctru/lib\libcitro3d.a(renderqueue.o)
                0x00103298                C3Di_RenderQueueInit
 .text.C3Di_RenderQueueExit
                0x001032f8       0xb0 E:/DevKitPro/libctru/lib\libcitro3d.a(renderqueue.o)
                0x001032f8                C3Di_RenderQueueExit
 .text.C3Di_RenderQueueWaitDone
                0x001033a8       0x34 E:/DevKitPro/libctru/lib\libcitro3d.a(renderqueue.o)
                0x001033a8                C3Di_RenderQueueWaitDone
 .text.C3D_FrameBegin
                0x001033dc       0xe4 E:/DevKitPro/libctru/lib\libcitro3d.a(renderqueue.o)
                0x001033dc                C3D_FrameBegin
 .text.C3D_FrameDrawOn
                0x001034c0       0x48 E:/DevKitPro/libctru/lib\libcitro3d.a(renderqueue.o)
                0x001034c0                C3D_FrameDrawOn
 .text.C3D_FrameSplit
                0x00103508       0x58 E:/DevKitPro/libctru/lib\libcitro3d.a(renderqueue.o)
                0x00103508                C3D_FrameSplit
 .text.C3D_FrameEnd
                0x00103560      0x1d8 E:/DevKitPro/libctru/lib\libcitro3d.a(renderqueue.o)
                0x00103560                C3D_FrameEnd
 .text.C3D_FrameEndHook
                0x00103738       0x1c E:/DevKitPro/libctru/lib\libcitro3d.a(renderqueue.o)
                0x00103738                C3D_FrameEndHook
 .text.C3D_GetDrawingTime
                0x00103754       0x18 E:/DevKitPro/libctru/lib\libcitro3d.a(renderqueue.o)
                0x00103754                C3D_GetDrawingTime
 .text.C3D_GetProcessingTime
                0x0010376c       0x18 E:/DevKitPro/libctru/lib\libcitro3d.a(renderqueue.o)
                0x0010376c                C3D_GetProcessingTime
 .text.C3D_RenderTargetCreate
                0x00103784      0x184 E:/DevKitPro/libctru/lib\libcitro3d.a(renderqueue.o)
                0x00103784                C3D_RenderTargetCreate
 .text.C3D_RenderTargetSetOutput
                0x00103908       0xa8 E:/DevKitPro/libctru/lib\libcitro3d.a(renderqueue.o)
                0x00103908                C3D_RenderTargetSetOutput
 .text.C3D_SyncTextureCopy
                0x001039b0       0xfc E:/DevKitPro/libctru/lib\libcitro3d.a(renderqueue.o)
                0x001039b0                C3D_SyncTextureCopy
 .text.C3D_TexInitWithParams
                0x00103aac      0x294 E:/DevKitPro/libctru/lib\libcitro3d.a(texture.o)
                0x00103aac                C3D_TexInitWithParams
 .text.C3D_TexLoadImage
                0x00103d40       0xc8 E:/DevKitPro/libctru/lib\libcitro3d.a(texture.o)
                0x00103d40                C3D_TexLoadImage
 .text.C3D_TexBind
                0x00103e08       0x44 E:/DevKitPro/libctru/lib\libcitro3d.a(texture.o)
                0x00103e08                C3D_TexBind
 .text.C3D_TexDelete
                0x00103e4c       0x74 E:/DevKitPro/libctru/lib\libcitro3d.a(texture.o)
                0x00103e4c                C3D_TexDelete
 .text.C3Di_SetTex
                0x00103ec0      0x16c E:/DevKitPro/libctru/lib\libcitro3d.a(texture.o)
                0x00103ec0                C3Di_SetTex
 .text.Tex3DSi_ImportCommon
                0x0010402c      0x3f4 E:/DevKitPro/libctru/lib\libcitro3d.a(tex3ds.o)
 .text.Tex3DS_TextureImportStdio
                0x00104420       0x38 E:/DevKitPro/libctru/lib\libcitro3d.a(tex3ds.o)
                0x00104420                Tex3DS_TextureImportStdio
 .text.Tex3DS_GetSubTexture
                0x00104458       0x1c E:/DevKitPro/libctru/lib\libcitro3d.a(tex3ds.o)
                0x00104458                Tex3DS_GetSubTexture
 .text.Tex3DS_TextureFree
                0x00104474        0x4 E:/DevKitPro/libctru/lib\libcitro3d.a(tex3ds.o)
                0x00104474                Tex3DS_TextureFree
 .text.C3D_CalcColorBufSize
                0x00104478       0x1c E:/DevKitPro/libctru/lib\libcitro3d.a(framebuffer.o)
                0x00104478                C3D_CalcColorBufSize
 .text.C3D_CalcDepthBufSize
                0x00104494       0x1c E:/DevKitPro/libctru/lib\libcitro3d.a(framebuffer.o)
                0x00104494                C3D_CalcDepthBufSize
 .text.C3D_SetFrameBuf
                0x001044b0       0x44 E:/DevKitPro/libctru/lib\libcitro3d.a(framebuffer.o)
                0x001044b0                C3D_SetFrameBuf
 .text.C3Di_FrameBufBind
                0x001044f4      0x16c E:/DevKitPro/libctru/lib\libcitro3d.a(framebuffer.o)
                0x001044f4                C3Di_FrameBufBind
 .text.C3D_FrameBufClear
                0x00104660       0xc8 E:/DevKitPro/libctru/lib\libcitro3d.a(framebuffer.o)
                0x00104660                C3D_FrameBufClear
 .text.C3D_FrameBufTransfer
                0x00104728       0x44 E:/DevKitPro/libctru/lib\libcitro3d.a(framebuffer.o)
                0x00104728                C3D_FrameBufTransfer
 .text.C3D_GetTexEnv
                0x0010476c       0x34 E:/DevKitPro/libctru/lib\libcitro3d.a(texenv.o)
                0x0010476c                C3D_GetTexEnv
 .text.C3Di_TexEnvBind
                0x001047a0       0x24 E:/DevKitPro/libctru/lib\libcitro3d.a(texenv.o)
                0x001047a0                C3Di_TexEnvBind
 .text.C3D_DrawElements
                0x001047c4      0x218 E:/DevKitPro/libctru/lib\libcitro3d.a(drawElements.o)
                0x001047c4                C3D_DrawElements
 .text.C3D_ProcTexInit
                0x001049dc       0x70 E:/DevKitPro/libctru/lib\libcitro3d.a(proctex.o)
                0x001049dc                C3D_ProcTexInit
 .text.C3D_ProcTexBind
                0x00104a4c       0x54 E:/DevKitPro/libctru/lib\libcitro3d.a(proctex.o)
                0x00104a4c                C3D_ProcTexBind
 .text.C3D_ProcTexLutBind
                0x00104aa0       0x5c E:/DevKitPro/libctru/lib\libcitro3d.a(proctex.o)
                0x00104aa0                C3D_ProcTexLutBind
 .text.ProcTexLut_FromArray
                0x00104afc       0xa4 E:/DevKitPro/libctru/lib\libcitro3d.a(proctex.o)
                0x00104afc                ProcTexLut_FromArray
 .text.C3Di_ProcTexUpdate
                0x00104ba0      0x17c E:/DevKitPro/libctru/lib\libcitro3d.a(proctex.o)
                0x00104ba0                C3Di_ProcTexUpdate
 .text.C3Di_ProcTexDirty
                0x00104d1c       0x68 E:/DevKitPro/libctru/lib\libcitro3d.a(proctex.o)
                0x00104d1c                C3Di_ProcTexDirty
 .text.BufInfo_Init
                0x00104d84       0x24 E:/DevKitPro/libctru/lib\libcitro3d.a(buffers.o)
                0x00104d84                BufInfo_Init
 .text.BufInfo_Add
                0x00104da8       0x80 E:/DevKitPro/libctru/lib\libcitro3d.a(buffers.o)
                0x00104da8                BufInfo_Add
 .text.C3D_SetBufInfo
                0x00104e28       0x40 E:/DevKitPro/libctru/lib\libcitro3d.a(buffers.o)
                0x00104e28                C3D_SetBufInfo
 .text.C3Di_BufInfoBind
                0x00104e68       0x48 E:/DevKitPro/libctru/lib\libcitro3d.a(buffers.o)
                0x00104e68                C3Di_BufInfoBind
 .text.C3D_DepthMap
                0x00104eb0       0x40 E:/DevKitPro/libctru/lib\libcitro3d.a(effect.o)
                0x00104eb0                C3D_DepthMap
 .text.C3D_CullFace
                0x00104ef0       0x1c E:/DevKitPro/libctru/lib\libcitro3d.a(effect.o)
                0x00104ef0                C3D_CullFace
 .text.C3D_StencilTest
                0x00104f0c       0x40 E:/DevKitPro/libctru/lib\libcitro3d.a(effect.o)
                0x00104f0c                C3D_StencilTest
 .text.C3D_StencilOp
                0x00104f4c       0x24 E:/DevKitPro/libctru/lib\libcitro3d.a(effect.o)
                0x00104f4c                C3D_StencilOp
 .text.C3D_BlendingColor
                0x00104f70       0x1c E:/DevKitPro/libctru/lib\libcitro3d.a(effect.o)
                0x00104f70                C3D_BlendingColor
 .text.C3D_EarlyDepthTest
                0x00104f8c       0x24 E:/DevKitPro/libctru/lib\libcitro3d.a(effect.o)
                0x00104f8c                C3D_EarlyDepthTest
 .text.C3D_DepthTest
                0x00104fb0       0x2c E:/DevKitPro/libctru/lib\libcitro3d.a(effect.o)
                0x00104fb0                C3D_DepthTest
 .text.C3D_AlphaTest
                0x00104fdc       0x2c E:/DevKitPro/libctru/lib\libcitro3d.a(effect.o)
                0x00104fdc                C3D_AlphaTest
 .text.C3D_AlphaBlend
                0x00105008       0x50 E:/DevKitPro/libctru/lib\libcitro3d.a(effect.o)
                0x00105008                C3D_AlphaBlend
 .text.C3D_FragOpMode
                0x00105058       0x30 E:/DevKitPro/libctru/lib\libcitro3d.a(effect.o)
                0x00105058                C3D_FragOpMode
 .text.C3D_FragOpShadow
                0x00105088       0x44 E:/DevKitPro/libctru/lib\libcitro3d.a(effect.o)
                0x00105088                C3D_FragOpShadow
 .text.C3Di_EffectBind
                0x001050cc      0x1ac E:/DevKitPro/libctru/lib\libcitro3d.a(effect.o)
                0x001050cc                C3Di_EffectBind
 .text.AttrInfo_Init
                0x00105278       0x28 E:/DevKitPro/libctru/lib\libcitro3d.a(attribs.o)
                0x00105278                AttrInfo_Init
 .text.AttrInfo_AddLoader
                0x001052a0       0x94 E:/DevKitPro/libctru/lib\libcitro3d.a(attribs.o)
                0x001052a0                AttrInfo_AddLoader
 .text.C3D_SetAttrInfo
                0x00105334       0x54 E:/DevKitPro/libctru/lib\libcitro3d.a(attribs.o)
                0x00105334                C3D_SetAttrInfo
 .text.C3Di_AttrInfoBind
                0x00105388       0x80 E:/DevKitPro/libctru/lib\libcitro3d.a(attribs.o)
                0x00105388                C3Di_AttrInfoBind
 .text.C3D_ImmSendAttrib
                0x00105408       0xa8 E:/DevKitPro/libctru/lib\libcitro3d.a(immediate.o)
                0x00105408                C3D_ImmSendAttrib
 .text.C3D_UpdateUniforms
                0x001054b0      0x280 E:/DevKitPro/libctru/lib\libcitro3d.a(uniforms.o)
                0x001054b0                C3D_UpdateUniforms
 .text.C3Di_DirtyUniforms
                0x00105730       0xc0 E:/DevKitPro/libctru/lib\libcitro3d.a(uniforms.o)
                0x00105730                C3Di_DirtyUniforms
 .text.C3Di_LoadShaderUniforms
                0x001057f0       0xd8 E:/DevKitPro/libctru/lib\libcitro3d.a(uniforms.o)
                0x001057f0                C3Di_LoadShaderUniforms
 .text.C3Di_ClearShaderUniforms
                0x001058c8       0x28 E:/DevKitPro/libctru/lib\libcitro3d.a(uniforms.o)
                0x001058c8                C3Di_ClearShaderUniforms
 .text.Mtx_Ortho
                0x001058f0       0xcc E:/DevKitPro/libctru/lib\libcitro3d.a(mtx_ortho.o)
                0x001058f0                Mtx_Ortho
 .text.Mtx_OrthoTilt
                0x001059bc       0xcc E:/DevKitPro/libctru/lib\libcitro3d.a(mtx_orthotilt.o)
                0x001059bc                Mtx_OrthoTilt
 .text._ZL21addrMapNodeComparatorPK11rbtree_nodeS1_
                0x00105a88       0x24 E:/DevKitPro/libctru/lib\libctru.a(vram.o)
 .text._ZL21addrMapNodeDestructorP11rbtree_node
                0x00105aac        0x4 E:/DevKitPro/libctru/lib\libctru.a(vram.o)
 .text.vramMemAlignAt
                0x00105ab0      0x250 E:/DevKitPro/libctru/lib\libctru.a(vram.o)
                0x00105ab0                vramMemAlignAt
 .text.vramAlloc
                0x00105d00        0xc E:/DevKitPro/libctru/lib\libctru.a(vram.o)
                0x00105d00                vramAlloc
 .text.vramAllocAt
                0x00105d0c        0xc E:/DevKitPro/libctru/lib\libctru.a(vram.o)
                0x00105d0c                vramAllocAt
 .text.vramFree
                0x00105d18       0x90 E:/DevKitPro/libctru/lib\libctru.a(vram.o)
                0x00105d18                vramFree
 .text._ZL21addrMapNodeComparatorPK11rbtree_nodeS1_
                0x00105da8       0x24 E:/DevKitPro/libctru/lib\libctru.a(linear.o)
 .text._ZL21addrMapNodeDestructorP11rbtree_node
                0x00105dcc        0x4 E:/DevKitPro/libctru/lib\libctru.a(linear.o)
 .text.linearMemAlign
                0x00105dd0      0x120 E:/DevKitPro/libctru/lib\libctru.a(linear.o)
                0x00105dd0                linearMemAlign
 .text.linearAlloc
                0x00105ef0        0x8 E:/DevKitPro/libctru/lib\libctru.a(linear.o)
                0x00105ef0                linearAlloc
 .text.linearFree
                0x00105ef8       0x5c E:/DevKitPro/libctru/lib\libctru.a(linear.o)
                0x00105ef8                linearFree
 .text._ZN7MemPool13CoalesceRightEP8MemBlock
                0x00105f54       0x80 E:/DevKitPro/libctru/lib\libctru.a(mem_pool.o)
                0x00105f54                MemPool::CoalesceRight(MemBlock*)
 .text._ZN7MemPool8AllocateER8MemChunkmi
                0x00105fd4      0x16c E:/DevKitPro/libctru/lib\libctru.a(mem_pool.o)
                0x00105fd4                MemPool::Allocate(MemChunk&, unsigned long, int)
 .text._ZN7MemPool10DeallocateERK8MemChunk
                0x00106140       0xfc E:/DevKitPro/libctru/lib\libctru.a(mem_pool.o)
                0x00106140                MemPool::Deallocate(MemChunk const&)
 .text._ZN7MemPool12GetFreeSpaceEv
                0x0010623c       0x30 E:/DevKitPro/libctru/lib\libctru.a(mem_pool.o)
                0x0010623c                MemPool::GetFreeSpace()
 .text.romfs_close
                0x0010626c        0x8 E:/DevKitPro/libctru/lib\libctru.a(romfs_dev.o)
 .text.romfs_seek
                0x00106274       0xc0 E:/DevKitPro/libctru/lib\libctru.a(romfs_dev.o)
 .text.romfs_dirreset
                0x00106334       0x24 E:/DevKitPro/libctru/lib\libctru.a(romfs_dev.o)
 .text.fill_dir
                0x00106358       0xc8 E:/DevKitPro/libctru/lib\libctru.a(romfs_dev.o)
 .text.romfs_dirnext
                0x00106420      0x28c E:/DevKitPro/libctru/lib\libctru.a(romfs_dev.o)
 .text.romfs_free
                0x001066ac       0x84 E:/DevKitPro/libctru/lib\libctru.a(romfs_dev.o)
 .text.searchForFile.constprop.0
                0x00106730       0xd4 E:/DevKitPro/libctru/lib\libctru.a(romfs_dev.o)
 .text.searchForDir.constprop.0
                0x00106804       0xd8 E:/DevKitPro/libctru/lib\libctru.a(romfs_dev.o)
 .text.navigateToDir.constprop.0
                0x001068dc      0x1c0 E:/DevKitPro/libctru/lib\libctru.a(romfs_dev.o)
 .text.romfs_open
                0x00106a9c      0x10c E:/DevKitPro/libctru/lib\libctru.a(romfs_dev.o)
 .text.romfs_chdir
                0x00106ba8       0x4c E:/DevKitPro/libctru/lib\libctru.a(romfs_dev.o)
 .text.romfs_diropen
                0x00106bf4       0x70 E:/DevKitPro/libctru/lib\libctru.a(romfs_dev.o)
 .text.romfs_stat
                0x00106c64      0x174 E:/DevKitPro/libctru/lib\libctru.a(romfs_dev.o)
 .text.romfs_dirclose
                0x00106dd8        0x8 E:/DevKitPro/libctru/lib\libctru.a(romfs_dev.o)
 .text.romfs_fstat
                0x00106de0       0x84 E:/DevKitPro/libctru/lib\libctru.a(romfs_dev.o)
 .text.romfs_read
                0x00106e64       0xd0 E:/DevKitPro/libctru/lib\libctru.a(romfs_dev.o)
 .text.romfsMountFromFile
                0x00106f34      0x28c E:/DevKitPro/libctru/lib\libctru.a(romfs_dev.o)
                0x00106f34                romfsMountFromFile
 .text.romfsMountFromCurrentProcess
                0x001071c0       0x98 E:/DevKitPro/libctru/lib\libctru.a(romfs_dev.o)
                0x001071c0                romfsMountFromCurrentProcess
 .text.romfsMountSelf
                0x00107258      0x260 E:/DevKitPro/libctru/lib\libctru.a(romfs_dev.o)
                0x00107258                romfsMountSelf
 .text.romfsUnmount
                0x001074b8       0xa0 E:/DevKitPro/libctru/lib\libctru.a(romfs_dev.o)
                0x001074b8                romfsUnmount
 .text.osConvertVirtToPhys
                0x00107558       0x74 E:/DevKitPro/libctru/lib\libctru.a(os.o)
                0x00107558                osConvertVirtToPhys
 .text.osGetTimeRef
                0x001075cc       0x54 E:/DevKitPro/libctru/lib\libctru.a(os.o)
                0x001075cc                osGetTimeRef
 .text.osGetTime
                0x00107620       0xec E:/DevKitPro/libctru/lib\libctru.a(os.o)
                0x00107620                osGetTime
 *fill*         0x0010770c        0x4 
 .text.osTickCounterRead
                0x00107710       0x38 E:/DevKitPro/libctru/lib\libctru.a(os.o)
                0x00107710                osTickCounterRead
 .text.__ctru_speedup_config
                0x00107748       0x34 E:/DevKitPro/libctru/lib\libctru.a(os.o)
                0x00107748                __ctru_speedup_config
 .text.parseColor
                0x0010777c      0x1e8 E:/DevKitPro/libctru/lib\libctru.a(console.o)
 .text.consoleDrawChar
                0x00107964      0x1ac E:/DevKitPro/libctru/lib\libctru.a(console.o)
                0x00107964                consoleDrawChar
 .text.consolePrintChar
                0x00107b10      0x124 E:/DevKitPro/libctru/lib\libctru.a(console.o)
                0x00107b10                consolePrintChar
 .text.con_write
                0x00107c34      0xb94 E:/DevKitPro/libctru/lib\libctru.a(console.o)
                0x00107c34                con_write
 .text.newRow   0x001087c8       0xfc E:/DevKitPro/libctru/lib\libctru.a(console.o)
 .text.consoleInit
                0x001088c4      0x170 E:/DevKitPro/libctru/lib\libctru.a(console.o)
                0x001088c4                consoleInit
 .text.gfxPresentFramebuffer
                0x00108a34       0xd0 E:/DevKitPro/libctru/lib\libctru.a(gfx.o)
 .text.gfxIsWide
                0x00108b04       0x1c E:/DevKitPro/libctru/lib\libctru.a(gfx.o)
                0x00108b04                gfxIsWide
 .text.gfxSetScreenFormat
                0x00108b20       0xec E:/DevKitPro/libctru/lib\libctru.a(gfx.o)
                0x00108b20                gfxSetScreenFormat
 .text.gfxSetDoubleBuffering
                0x00108c0c       0x10 E:/DevKitPro/libctru/lib\libctru.a(gfx.o)
                0x00108c0c                gfxSetDoubleBuffering
 .text.gfxInit  0x00108c1c       0xe0 E:/DevKitPro/libctru/lib\libctru.a(gfx.o)
                0x00108c1c                gfxInit
 .text.gfxInitDefault
                0x00108cfc       0x10 E:/DevKitPro/libctru/lib\libctru.a(gfx.o)
                0x00108cfc                gfxInitDefault
 .text.gfxExit  0x00108d0c       0xb4 E:/DevKitPro/libctru/lib\libctru.a(gfx.o)
                0x00108d0c                gfxExit
 .text.gfxGetFramebuffer
                0x00108dc0       0xa0 E:/DevKitPro/libctru/lib\libctru.a(gfx.o)
                0x00108dc0                gfxGetFramebuffer
 .text.gfxFlushBuffers
                0x00108e60      0x104 E:/DevKitPro/libctru/lib\libctru.a(gfx.o)
                0x00108e60                gfxFlushBuffers
 .text.gfxScreenSwapBuffers
                0x00108f64       0x30 E:/DevKitPro/libctru/lib\libctru.a(gfx.o)
                0x00108f64                gfxScreenSwapBuffers
 .text.gfxSwapBuffersGpu
                0x00108f94       0x50 E:/DevKitPro/libctru/lib\libctru.a(gfx.o)
                0x00108f94                gfxSwapBuffersGpu
 .text.shaderInstanceInit
                0x00108fe4      0x1d4 E:/DevKitPro/libctru/lib\libctru.a(shaderProgram.o)
                0x00108fe4                shaderInstanceInit
 .text.shaderInstanceGetUniformLocation
                0x001091b8       0x18 E:/DevKitPro/libctru/lib\libctru.a(shaderProgram.o)
                0x001091b8                shaderInstanceGetUniformLocation
 .text.shaderProgramInit
                0x001091d0       0x1c E:/DevKitPro/libctru/lib\libctru.a(shaderProgram.o)
                0x001091d0                shaderProgramInit
 .text.shaderProgramFree
                0x001091ec       0x64 E:/DevKitPro/libctru/lib\libctru.a(shaderProgram.o)
                0x001091ec                shaderProgramFree
 .text.shaderProgramSetVsh
                0x00109250       0x80 E:/DevKitPro/libctru/lib\libctru.a(shaderProgram.o)
                0x00109250                shaderProgramSetVsh
 .text.shaderProgramConfigure
                0x001092d0      0x8e0 E:/DevKitPro/libctru/lib\libctru.a(shaderProgram.o)
                0x001092d0                shaderProgramConfigure
 .text.DVLE_GenerateOutmap.part.0
                0x00109bb0      0x1cc E:/DevKitPro/libctru/lib\libctru.a(shbin.o)
 .text.DVLB_ParseFile
                0x00109d7c      0x1b4 E:/DevKitPro/libctru/lib\libctru.a(shbin.o)
                0x00109d7c                DVLB_ParseFile
 .text.DVLB_Free
                0x00109f30       0x38 E:/DevKitPro/libctru/lib\libctru.a(shbin.o)
                0x00109f30                DVLB_Free
 .text.DVLE_GetUniformRegister
                0x00109f68       0x74 E:/DevKitPro/libctru/lib\libctru.a(shbin.o)
                0x00109f68                DVLE_GetUniformRegister
 .text.GX_BindQueue
                0x00109fdc       0x10 E:/DevKitPro/libctru/lib\libctru.a(gx.o)
                0x00109fdc                GX_BindQueue
 .text.GX_ProcessCommandList
                0x00109fec       0x78 E:/DevKitPro/libctru/lib\libctru.a(gx.o)
                0x00109fec                GX_ProcessCommandList
 .text.GX_MemoryFill
                0x0010a064       0x74 E:/DevKitPro/libctru/lib\libctru.a(gx.o)
                0x0010a064                GX_MemoryFill
 .text.GX_DisplayTransfer
                0x0010a0d8       0x70 E:/DevKitPro/libctru/lib\libctru.a(gx.o)
                0x0010a0d8                GX_DisplayTransfer
 .text.GX_TextureCopy
                0x0010a148       0x74 E:/DevKitPro/libctru/lib\libctru.a(gx.o)
                0x0010a148                GX_TextureCopy
 .text.gxCmdQueueDoCommands.part.0
                0x0010a1bc       0x68 E:/DevKitPro/libctru/lib\libctru.a(gxqueue.o)
 .text.gxCmdQueueInterrupt
                0x0010a224       0xc8 E:/DevKitPro/libctru/lib\libctru.a(gxqueue.o)
                0x0010a224                gxCmdQueueInterrupt
 .text.gxCmdQueueClear
                0x0010a2ec       0x4c E:/DevKitPro/libctru/lib\libctru.a(gxqueue.o)
                0x0010a2ec                gxCmdQueueClear
 .text.gxCmdQueueAdd
                0x0010a338       0xf8 E:/DevKitPro/libctru/lib\libctru.a(gxqueue.o)
                0x0010a338                gxCmdQueueAdd
 .text.gxCmdQueueRun
                0x0010a430       0x80 E:/DevKitPro/libctru/lib\libctru.a(gxqueue.o)
                0x0010a430                gxCmdQueueRun
 .text.gxCmdQueueStop
                0x0010a4b0       0x60 E:/DevKitPro/libctru/lib\libctru.a(gxqueue.o)
                0x0010a4b0                gxCmdQueueStop
 .text.gxCmdQueueWait
                0x0010a510       0x74 E:/DevKitPro/libctru/lib\libctru.a(gxqueue.o)
                0x0010a510                gxCmdQueueWait
 .text.GPUCMD_Add
                0x0010a584      0x13c E:/DevKitPro/libctru/lib\libctru.a(gpu.o)
                0x0010a584                GPUCMD_Add
 .text.GPUCMD_Split
                0x0010a6c0       0xb0 E:/DevKitPro/libctru/lib\libctru.a(gpu.o)
                0x0010a6c0                GPUCMD_Split
 .text.f32tof16
                0x0010a770       0x34 E:/DevKitPro/libctru/lib\libctru.a(gpu.o)
                0x0010a770                f32tof16
 .text.f32tof24
                0x0010a7a4       0x34 E:/DevKitPro/libctru/lib\libctru.a(gpu.o)
                0x0010a7a4                f32tof24
 .text.f32tof31
                0x0010a7d8       0x38 E:/DevKitPro/libctru/lib\libctru.a(gpu.o)
                0x0010a7d8                f32tof31
 .text.cfguInit
                0x0010a810       0xa4 E:/DevKitPro/libctru/lib\libctru.a(cfgu.o)
                0x0010a810                cfguInit
 .text.cfguExit
                0x0010a8b4       0x3c E:/DevKitPro/libctru/lib\libctru.a(cfgu.o)
                0x0010a8b4                cfguExit
 .text.CFGU_GetSystemLanguage
                0x0010a8f0       0x54 E:/DevKitPro/libctru/lib\libctru.a(cfgu.o)
                0x0010a8f0                CFGU_GetSystemLanguage
 .text.gspHardwareInit
                0x0010a944      0xc58 E:/DevKitPro/libctru/lib\libctru.a(gspgpu.o)
 .text.gspInit  0x0010b59c      0x248 E:/DevKitPro/libctru/lib\libctru.a(gspgpu.o)
                0x0010b59c                gspInit
 .text.gspExit  0x0010b7e4       0xf0 E:/DevKitPro/libctru/lib\libctru.a(gspgpu.o)
                0x0010b7e4                gspExit
 .text.gspHasGpuRight
                0x0010b8d4       0x10 E:/DevKitPro/libctru/lib\libctru.a(gspgpu.o)
                0x0010b8d4                gspHasGpuRight
 .text.gspPresentBuffer
                0x0010b8e4       0xa0 E:/DevKitPro/libctru/lib\libctru.a(gspgpu.o)
                0x0010b8e4                gspPresentBuffer
 .text.gspSetEventCallback
                0x0010b984       0x30 E:/DevKitPro/libctru/lib\libctru.a(gspgpu.o)
                0x0010b984                gspSetEventCallback
 .text.gspWaitForEvent
                0x0010b9b4       0x44 E:/DevKitPro/libctru/lib\libctru.a(gspgpu.o)
                0x0010b9b4                gspWaitForEvent
 .text.gspWaitForAnyEvent
                0x0010b9f8       0x4c E:/DevKitPro/libctru/lib\libctru.a(gspgpu.o)
                0x0010b9f8                gspWaitForAnyEvent
 .text.gspEventThreadMain
                0x0010ba44      0x158 E:/DevKitPro/libctru/lib\libctru.a(gspgpu.o)
 .text.gspSubmitGxCommand
                0x0010bb9c      0x130 E:/DevKitPro/libctru/lib\libctru.a(gspgpu.o)
                0x0010bb9c                gspSubmitGxCommand
 .text.GSPGPU_FlushDataCache
                0x0010bccc       0x50 E:/DevKitPro/libctru/lib\libctru.a(gspgpu.o)
                0x0010bccc                GSPGPU_FlushDataCache
 .text.GSPGPU_SetLcdForceBlack
                0x0010bd1c       0x34 E:/DevKitPro/libctru/lib\libctru.a(gspgpu.o)
                0x0010bd1c                GSPGPU_SetLcdForceBlack
 .text.GSPGPU_AcquireRight
                0x0010bd50       0x68 E:/DevKitPro/libctru/lib\libctru.a(gspgpu.o)
                0x0010bd50                GSPGPU_AcquireRight
 .text.GSPGPU_ReleaseRight
                0x0010bdb8       0x48 E:/DevKitPro/libctru/lib\libctru.a(gspgpu.o)
                0x0010bdb8                GSPGPU_ReleaseRight
 .text.GSPGPU_ImportDisplayCaptureInfo
                0x0010be00       0x7c E:/DevKitPro/libctru/lib\libctru.a(gspgpu.o)
                0x0010be00                GSPGPU_ImportDisplayCaptureInfo
 .text.GSPGPU_SaveVramSysArea
                0x0010be7c       0x2c E:/DevKitPro/libctru/lib\libctru.a(gspgpu.o)
                0x0010be7c                GSPGPU_SaveVramSysArea
 .text.GSPGPU_RestoreVramSysArea
                0x0010bea8       0x2c E:/DevKitPro/libctru/lib\libctru.a(gspgpu.o)
                0x0010bea8                GSPGPU_RestoreVramSysArea
 .text.aptConvertScreenForCapture
                0x0010bed4      0x1a4 E:/DevKitPro/libctru/lib\libctru.a(apt.o)
 .text.aptDspSleep
                0x0010c078        0x8 E:/DevKitPro/libctru/lib\libctru.a(apt.o)
                0x0010c078                aptDspSleep
 .text.aptDspWakeup
                0x0010c080        0x4 E:/DevKitPro/libctru/lib\libctru.a(apt.o)
                0x0010c080                aptDspWakeup
 .text.aptDspCancel
                0x0010c084        0x4 E:/DevKitPro/libctru/lib\libctru.a(apt.o)
                0x0010c084                aptDspCancel
 .text.aptSendCommand
                0x0010c088      0x158 E:/DevKitPro/libctru/lib\libctru.a(apt.o)
                0x0010c088                aptSendCommand
 .text.aptExitProcess
                0x0010c1e0       0x44 E:/DevKitPro/libctru/lib\libctru.a(apt.o)
 .text.aptExit  0x0010c224      0x38c E:/DevKitPro/libctru/lib\libctru.a(apt.o)
                0x0010c224                aptExit
 .text.aptHandleSleep
                0x0010c5b0       0xe0 E:/DevKitPro/libctru/lib\libctru.a(apt.o)
                0x0010c5b0                aptHandleSleep
 .text.aptHook  0x0010c690       0x30 E:/DevKitPro/libctru/lib\libctru.a(apt.o)
                0x0010c690                aptHook
 .text.aptUnhook
                0x0010c6c0       0x30 E:/DevKitPro/libctru/lib\libctru.a(apt.o)
                0x0010c6c0                aptUnhook
 .text.APT_SleepIfShellClosed
                0x0010c6f0       0x84 E:/DevKitPro/libctru/lib\libctru.a(apt.o)
                0x0010c6f0                APT_SleepIfShellClosed
 .text.aptSetSleepAllowed
                0x0010c774       0x84 E:/DevKitPro/libctru/lib\libctru.a(apt.o)
                0x0010c774                aptSetSleepAllowed
 .text.APT_UnlockTransition
                0x0010c7f8       0x84 E:/DevKitPro/libctru/lib\libctru.a(apt.o)
                0x0010c7f8                APT_UnlockTransition
 *fill*         0x0010c87c        0x4 
 .text.aptEventHandler
                0x0010c880      0x4a4 E:/DevKitPro/libctru/lib\libctru.a(apt.o)
 .text.APT_ReceiveParameter
                0x0010cd24       0xb0 E:/DevKitPro/libctru/lib\libctru.a(apt.o)
                0x0010cd24                APT_ReceiveParameter
 .text.aptReceiveParameter.constprop.0
                0x0010cdd4       0xb0 E:/DevKitPro/libctru/lib\libctru.a(apt.o)
 *fill*         0x0010ce84        0x4 
 .text.aptScreenTransfer
                0x0010ce88      0x2ac E:/DevKitPro/libctru/lib\libctru.a(apt.o)
 .text.aptWaitForWakeUp.isra.0
                0x0010d134      0x344 E:/DevKitPro/libctru/lib\libctru.a(apt.o)
 .text.aptJumpToHomeMenu
                0x0010d478      0x100 E:/DevKitPro/libctru/lib\libctru.a(apt.o)
                0x0010d478                aptJumpToHomeMenu
 .text.aptMainLoop
                0x0010d578       0x48 E:/DevKitPro/libctru/lib\libctru.a(apt.o)
                0x0010d578                aptMainLoop
 .text.aptInit  0x0010d5c0      0x22c E:/DevKitPro/libctru/lib\libctru.a(apt.o)
                0x0010d5c0                aptInit
 .text.APT_CheckNew3DS
                0x0010d7ec       0x7c E:/DevKitPro/libctru/lib\libctru.a(apt.o)
                0x0010d7ec                APT_CheckNew3DS
 .text.hidShouldUseIrrst
                0x0010d868       0x24 E:/DevKitPro/libctru/lib\libctru.a(hid.o)
                0x0010d868                hidShouldUseIrrst
 .text.hidInit  0x0010d88c      0x18c E:/DevKitPro/libctru/lib\libctru.a(hid.o)
                0x0010d88c                hidInit
 .text.hidExit  0x0010da18       0xe8 E:/DevKitPro/libctru/lib\libctru.a(hid.o)
                0x0010da18                hidExit
 .text.hidScanInput
                0x0010db00      0x2a4 E:/DevKitPro/libctru/lib\libctru.a(hid.o)
                0x0010db00                hidScanInput
 .text.hidKeysDown
                0x0010dda4       0x10 E:/DevKitPro/libctru/lib\libctru.a(hid.o)
                0x0010dda4                hidKeysDown
 .text.ptmSysmInit
                0x0010ddb4       0x74 E:/DevKitPro/libctru/lib\libctru.a(ptmsysm.o)
                0x0010ddb4                ptmSysmInit
 .text.ptmSysmExit
                0x0010de28       0x3c E:/DevKitPro/libctru/lib\libctru.a(ptmsysm.o)
                0x0010de28                ptmSysmExit
 .text.PTMSYSM_ConfigureNew3DSCPU
                0x0010de64       0x34 E:/DevKitPro/libctru/lib\libctru.a(ptmsysm.o)
                0x0010de64                PTMSYSM_ConfigureNew3DSCPU
 .text.fsInit   0x0010de98       0xcc E:/DevKitPro/libctru/lib\libctru.a(fs.o)
                0x0010de98                fsInit
 .text.fsExit   0x0010df64       0x3c E:/DevKitPro/libctru/lib\libctru.a(fs.o)
                0x0010df64                fsExit
 .text.fsExemptFromSession
                0x0010dfa0       0x60 E:/DevKitPro/libctru/lib\libctru.a(fs.o)
                0x0010dfa0                fsExemptFromSession
 .text.fsUnexemptFromSession
                0x0010e000       0x50 E:/DevKitPro/libctru/lib\libctru.a(fs.o)
                0x0010e000                fsUnexemptFromSession
 .text.FSUSER_OpenFile
                0x0010e050       0xcc E:/DevKitPro/libctru/lib\libctru.a(fs.o)
                0x0010e050                FSUSER_OpenFile
 .text.FSUSER_OpenFileDirectly
                0x0010e11c       0xd4 E:/DevKitPro/libctru/lib\libctru.a(fs.o)
                0x0010e11c                FSUSER_OpenFileDirectly
 .text.FSUSER_DeleteFile
                0x0010e1f0       0xbc E:/DevKitPro/libctru/lib\libctru.a(fs.o)
                0x0010e1f0                FSUSER_DeleteFile
 .text.FSUSER_RenameFile
                0x0010e2ac       0xf8 E:/DevKitPro/libctru/lib\libctru.a(fs.o)
                0x0010e2ac                FSUSER_RenameFile
 .text.FSUSER_DeleteDirectory
                0x0010e3a4       0xbc E:/DevKitPro/libctru/lib\libctru.a(fs.o)
                0x0010e3a4                FSUSER_DeleteDirectory
 .text.FSUSER_CreateFile
                0x0010e460       0xd4 E:/DevKitPro/libctru/lib\libctru.a(fs.o)
                0x0010e460                FSUSER_CreateFile
 .text.FSUSER_CreateDirectory
                0x0010e534       0xc4 E:/DevKitPro/libctru/lib\libctru.a(fs.o)
                0x0010e534                FSUSER_CreateDirectory
 .text.FSUSER_RenameDirectory
                0x0010e5f8       0xf8 E:/DevKitPro/libctru/lib\libctru.a(fs.o)
                0x0010e5f8                FSUSER_RenameDirectory
 .text.FSUSER_OpenDirectory
                0x0010e6f0       0xb4 E:/DevKitPro/libctru/lib\libctru.a(fs.o)
                0x0010e6f0                FSUSER_OpenDirectory
 .text.FSUSER_OpenArchive
                0x0010e7a4       0x98 E:/DevKitPro/libctru/lib\libctru.a(fs.o)
                0x0010e7a4                FSUSER_OpenArchive
 .text.FSUSER_CloseArchive
                0x0010e83c       0x8c E:/DevKitPro/libctru/lib\libctru.a(fs.o)
                0x0010e83c                FSUSER_CloseArchive
 .text.FSUSER_GetSdmcArchiveResource
                0x0010e8c8       0x74 E:/DevKitPro/libctru/lib\libctru.a(fs.o)
                0x0010e8c8                FSUSER_GetSdmcArchiveResource
 .text.FSUSER_IsSdmcWritable
                0x0010e93c       0x64 E:/DevKitPro/libctru/lib\libctru.a(fs.o)
                0x0010e93c                FSUSER_IsSdmcWritable
 .text.FSFILE_Read
                0x0010e9a0       0x58 E:/DevKitPro/libctru/lib\libctru.a(fs.o)
                0x0010e9a0                FSFILE_Read
 .text.FSFILE_Write
                0x0010e9f8       0x60 E:/DevKitPro/libctru/lib\libctru.a(fs.o)
                0x0010e9f8                FSFILE_Write
 .text.FSFILE_GetSize
                0x0010ea58       0x3c E:/DevKitPro/libctru/lib\libctru.a(fs.o)
                0x0010ea58                FSFILE_GetSize
 .text.FSFILE_SetSize
                0x0010ea94       0x28 E:/DevKitPro/libctru/lib\libctru.a(fs.o)
                0x0010ea94                FSFILE_SetSize
 .text.FSFILE_Close
                0x0010eabc       0x3c E:/DevKitPro/libctru/lib\libctru.a(fs.o)
                0x0010eabc                FSFILE_Close
 .text.FSFILE_Flush
                0x0010eaf8       0x24 E:/DevKitPro/libctru/lib\libctru.a(fs.o)
                0x0010eaf8                FSFILE_Flush
 .text.FSDIR_Read
                0x0010eb1c       0x50 E:/DevKitPro/libctru/lib\libctru.a(fs.o)
                0x0010eb1c                FSDIR_Read
 .text.FSDIR_Close
                0x0010eb6c       0x3c E:/DevKitPro/libctru/lib\libctru.a(fs.o)
                0x0010eb6c                FSDIR_Close
 .text.buffer_read
                0x0010eba8       0xc4 E:/DevKitPro/libctru/lib\libctru.a(decompress.o)
 .text.iov_read
                0x0010ec6c       0xd0 E:/DevKitPro/libctru/lib\libctru.a(decompress.o)
 .text.iov_memmove
                0x0010ed3c      0x138 E:/DevKitPro/libctru/lib\libctru.a(decompress.o)
 .text.decompress_rle
                0x0010ee74      0x1dc E:/DevKitPro/libctru/lib\libctru.a(decompress.o)
 .text.decompress_lzss
                0x0010f050      0x244 E:/DevKitPro/libctru/lib\libctru.a(decompress.o)
 .text.decompress_lz11
                0x0010f294      0x424 E:/DevKitPro/libctru/lib\libctru.a(decompress.o)
 .text.decompress_huff
                0x0010f6b8      0x2d8 E:/DevKitPro/libctru/lib\libctru.a(decompress.o)
 .text.decompressCallback_Stdio
                0x0010f990       0x10 E:/DevKitPro/libctru/lib\libctru.a(decompress.o)
                0x0010f990                decompressCallback_Stdio
 .text.decompressHeader
                0x0010f9a0       0xdc E:/DevKitPro/libctru/lib\libctru.a(decompress.o)
                0x0010f9a0                decompressHeader
 .text.decompressV
                0x0010fa7c      0x240 E:/DevKitPro/libctru/lib\libctru.a(decompress.o)
                0x0010fa7c                decompressV
 .text.rbtree_init
                0x0010fcbc       0x10 E:/DevKitPro/libctru/lib\libctru.a(rbtree_init.o)
                0x0010fcbc                rbtree_init
 .text.do_insert
                0x0010fccc      0x1b4 E:/DevKitPro/libctru/lib\libctru.a(rbtree_insert.o)
 .text.rbtree_insert
                0x0010fe80        0x8 E:/DevKitPro/libctru/lib\libctru.a(rbtree_insert.o)
                0x0010fe80                rbtree_insert
 .text.rbtree_rotate
                0x0010fe88       0x90 E:/DevKitPro/libctru/lib\libctru.a(rbtree_rotate.o)
                0x0010fe88                rbtree_rotate
 .text.rbtree_remove
                0x0010ff18      0x318 E:/DevKitPro/libctru/lib\libctru.a(rbtree_remove.o)
                0x0010ff18                rbtree_remove
 .text.rbtree_find
                0x00110230       0x74 E:/DevKitPro/libctru/lib\libctru.a(rbtree_find.o)
                0x00110230                rbtree_find
 .text.utf16_to_utf8
                0x001102a4       0xe8 E:/DevKitPro/libctru/lib\libctru.a(utf16_to_utf8.o)
                0x001102a4                utf16_to_utf8
 .text.decode_utf16
                0x0011038c       0x64 E:/DevKitPro/libctru/lib\libctru.a(decode_utf16.o)
                0x0011038c                decode_utf16
 .text.utf8_to_utf16
                0x001103f0       0xc0 E:/DevKitPro/libctru/lib\libctru.a(utf8_to_utf16.o)
                0x001103f0                utf8_to_utf16
 .text.__system_allocateHeaps
                0x001104b0      0x1e0 E:/DevKitPro/libctru/lib\libctru.a(allocateHeaps.o)
                0x001104b0                __system_allocateHeaps
 .text.__libctru_init
                0x00110690       0x38 E:/DevKitPro/libctru/lib\libctru.a(ctru_init.o)
                0x00110690                __libctru_init
 .text.__system_initArgv
                0x001106c8      0x170 E:/DevKitPro/libctru/lib\libctru.a(initArgv.o)
                0x001106c8                __system_initArgv
 .text.svcControlMemory
                0x00110838       0x20 E:/DevKitPro/libctru/lib\libctru.a(svc.o)
                0x00110838                svcControlMemory
 .text.svcQueryMemory
                0x00110858       0x30 E:/DevKitPro/libctru/lib\libctru.a(svc.o)
                0x00110858                svcQueryMemory
 .text.svcExitProcess
                0x00110888        0x8 E:/DevKitPro/libctru/lib\libctru.a(svc.o)
                0x00110888                svcExitProcess
 .text.svcCreateThread
                0x00110890       0x20 E:/DevKitPro/libctru/lib\libctru.a(svc.o)
                0x00110890                svcCreateThread
 .text.svcExitThread
                0x001108b0        0x8 E:/DevKitPro/libctru/lib\libctru.a(svc.o)
                0x001108b0                svcExitThread
 .text.svcSleepThread
                0x001108b8        0x8 E:/DevKitPro/libctru/lib\libctru.a(svc.o)
                0x001108b8                svcSleepThread
 .text.svcReleaseMutex
                0x001108c0        0x8 E:/DevKitPro/libctru/lib\libctru.a(svc.o)
                0x001108c0                svcReleaseMutex
 .text.svcCreateEvent
                0x001108c8       0x14 E:/DevKitPro/libctru/lib\libctru.a(svc.o)
                0x001108c8                svcCreateEvent
 .text.svcSignalEvent
                0x001108dc        0x8 E:/DevKitPro/libctru/lib\libctru.a(svc.o)
                0x001108dc                svcSignalEvent
 .text.svcClearEvent
                0x001108e4        0x8 E:/DevKitPro/libctru/lib\libctru.a(svc.o)
                0x001108e4                svcClearEvent
 .text.svcMapMemoryBlock
                0x001108ec        0x8 E:/DevKitPro/libctru/lib\libctru.a(svc.o)
                0x001108ec                svcMapMemoryBlock
 .text.svcUnmapMemoryBlock
                0x001108f4        0x8 E:/DevKitPro/libctru/lib\libctru.a(svc.o)
                0x001108f4                svcUnmapMemoryBlock
 .text.svcCreateAddressArbiter
                0x001108fc       0x14 E:/DevKitPro/libctru/lib\libctru.a(svc.o)
                0x001108fc                svcCreateAddressArbiter
 .text.svcArbitrateAddressNoTimeout
                0x00110910        0x8 E:/DevKitPro/libctru/lib\libctru.a(svc.o)
                0x00110910                svcArbitrateAddressNoTimeout
 .text.svcCloseHandle
                0x00110918        0x8 E:/DevKitPro/libctru/lib\libctru.a(svc.o)
                0x00110918                svcCloseHandle
 .text.svcWaitSynchronization
                0x00110920        0x8 E:/DevKitPro/libctru/lib\libctru.a(svc.o)
                0x00110920                svcWaitSynchronization
 .text.svcWaitSynchronizationN
                0x00110928       0x28 E:/DevKitPro/libctru/lib\libctru.a(svc.o)
                0x00110928                svcWaitSynchronizationN
 .text.svcDuplicateHandle
                0x00110950       0x14 E:/DevKitPro/libctru/lib\libctru.a(svc.o)
                0x00110950                svcDuplicateHandle
 .text.svcGetSystemTick
                0x00110964        0x8 E:/DevKitPro/libctru/lib\libctru.a(svc.o)
                0x00110964                svcGetSystemTick
 .text.svcConnectToPort
                0x0011096c       0x14 E:/DevKitPro/libctru/lib\libctru.a(svc.o)
                0x0011096c                svcConnectToPort
 .text.svcSendSyncRequest
                0x00110980        0x8 E:/DevKitPro/libctru/lib\libctru.a(svc.o)
                0x00110980                svcSendSyncRequest
 .text.svcGetResourceLimit
                0x00110988       0x14 E:/DevKitPro/libctru/lib\libctru.a(svc.o)
                0x00110988                svcGetResourceLimit
 .text.svcGetResourceLimitLimitValues
                0x0011099c        0x8 E:/DevKitPro/libctru/lib\libctru.a(svc.o)
                0x0011099c                svcGetResourceLimitLimitValues
 .text.svcGetResourceLimitCurrentValues
                0x001109a4        0x8 E:/DevKitPro/libctru/lib\libctru.a(svc.o)
                0x001109a4                svcGetResourceLimitCurrentValues
 .text.svcBreak
                0x001109ac        0x8 E:/DevKitPro/libctru/lib\libctru.a(svc.o)
                0x001109ac                svcBreak
 .text.initSystem
                0x001109b4       0x50 E:/DevKitPro/libctru/lib\libctru.a(stack_adjust.o)
                0x001109b4                initSystem
 .text.__ctru_exit
                0x00110a04       0x18 E:/DevKitPro/libctru/lib\libctru.a(stack_adjust.o)
                0x00110a04                __ctru_exit
 .text.__aeabi_read_tp
                0x00110a1c        0xc E:/DevKitPro/libctru/lib\libctru.a(readtp.o)
                0x00110a1c                __aeabi_read_tp
 .text.__sync_init
                0x00110a28        0xc E:/DevKitPro/libctru/lib\libctru.a(synchronization.o)
                0x00110a28                __sync_init
 .text.__sync_fini
                0x00110a34       0x18 E:/DevKitPro/libctru/lib\libctru.a(synchronization.o)
                0x00110a34                __sync_fini
 .text.syncArbitrateAddress
                0x00110a4c       0x2c E:/DevKitPro/libctru/lib\libctru.a(synchronization.o)
                0x00110a4c                syncArbitrateAddress
 .text.LightLock_Lock
                0x00110a78       0xb0 E:/DevKitPro/libctru/lib\libctru.a(synchronization.o)
                0x00110a78                LightLock_Lock
 .text.LightLock_Unlock
                0x00110b28       0x40 E:/DevKitPro/libctru/lib\libctru.a(synchronization.o)
                0x00110b28                LightLock_Unlock
 .text.RecursiveLock_Lock
                0x00110b68       0x30 E:/DevKitPro/libctru/lib\libctru.a(synchronization.o)
                0x00110b68                RecursiveLock_Lock
 .text.RecursiveLock_Unlock
                0x00110b98       0x54 E:/DevKitPro/libctru/lib\libctru.a(synchronization.o)
                0x00110b98                RecursiveLock_Unlock
 .text.LightEvent_Init
                0x00110bec       0x40 E:/DevKitPro/libctru/lib\libctru.a(synchronization.o)
                0x00110bec                LightEvent_Init
 .text.LightEvent_Clear
                0x00110c2c       0xa4 E:/DevKitPro/libctru/lib\libctru.a(synchronization.o)
                0x00110c2c                LightEvent_Clear
 .text.LightEvent_Signal
                0x00110cd0       0xc8 E:/DevKitPro/libctru/lib\libctru.a(synchronization.o)
                0x00110cd0                LightEvent_Signal
 .text.LightEvent_TryWait
                0x00110d98       0x50 E:/DevKitPro/libctru/lib\libctru.a(synchronization.o)
                0x00110d98                LightEvent_TryWait
 .text.LightEvent_Wait
                0x00110de8       0xb0 E:/DevKitPro/libctru/lib\libctru.a(synchronization.o)
                0x00110de8                LightEvent_Wait
 .text.envGetHandle
                0x00110e98       0x84 E:/DevKitPro/libctru/lib\libctru.a(env.o)
                0x00110e98                envGetHandle
 .text.envDestroyHandles
                0x00110f1c       0x50 E:/DevKitPro/libctru/lib\libctru.a(env.o)
                0x00110f1c                envDestroyHandles
 .text.srvInit  0x00110f6c      0x130 E:/DevKitPro/libctru/lib\libctru.a(srv.o)
                0x00110f6c                srvInit
 .text.srvExit  0x0011109c       0x58 E:/DevKitPro/libctru/lib\libctru.a(srv.o)
                0x0011109c                srvExit
 .text.srvEnableNotification
                0x001110f4       0x60 E:/DevKitPro/libctru/lib\libctru.a(srv.o)
                0x001110f4                srvEnableNotification
 .text.srvGetServiceHandleDirect
                0x00111154       0xa0 E:/DevKitPro/libctru/lib\libctru.a(srv.o)
                0x00111154                srvGetServiceHandleDirect
 .text.srvGetServiceHandle
                0x001111f4       0x38 E:/DevKitPro/libctru/lib\libctru.a(srv.o)
                0x001111f4                srvGetServiceHandle
 .text.srvSubscribe
                0x0011122c       0x34 E:/DevKitPro/libctru/lib\libctru.a(srv.o)
                0x0011122c                srvSubscribe
 .text.srvReceiveNotification
                0x00111260       0x60 E:/DevKitPro/libctru/lib\libctru.a(srv.o)
                0x00111260                srvReceiveNotification
 .text.srvPublishToSubscriber
                0x001112c0       0x38 E:/DevKitPro/libctru/lib\libctru.a(srv.o)
                0x001112c0                srvPublishToSubscriber
 .text.threadCreate
                0x001112f8      0x1d4 E:/DevKitPro/libctru/lib\libctru.a(thread.o)
                0x001112f8                threadCreate
 .text.threadFree
                0x001114cc       0x2c E:/DevKitPro/libctru/lib\libctru.a(thread.o)
                0x001114cc                threadFree
 .text.threadJoin
                0x001114f8       0x24 E:/DevKitPro/libctru/lib\libctru.a(thread.o)
                0x001114f8                threadJoin
 .text.threadGetCurrent
                0x0011151c       0x30 E:/DevKitPro/libctru/lib\libctru.a(thread.o)
                0x0011151c                threadGetCurrent
 .text.threadExit
                0x0011154c       0x40 E:/DevKitPro/libctru/lib\libctru.a(thread.o)
                0x0011154c                threadExit
 .text._thread_begin
                0x0011158c       0x20 E:/DevKitPro/libctru/lib\libctru.a(thread.o)
 .text.mappableFindAddressWithin
                0x001115ac       0xb4 E:/DevKitPro/libctru/lib\libctru.a(mappable.o)
 .text.mappableInit
                0x00111660       0x28 E:/DevKitPro/libctru/lib\libctru.a(mappable.o)
                0x00111660                mappableInit
 .text.mappableAlloc
                0x00111688       0x80 E:/DevKitPro/libctru/lib\libctru.a(mappable.o)
                0x00111688                mappableAlloc
 .text.mappableFree
                0x00111708        0x4 E:/DevKitPro/libctru/lib\libctru.a(mappable.o)
                0x00111708                mappableFree
 .text.irrstInit
                0x0011170c      0x164 E:/DevKitPro/libctru/lib\libctru.a(irrst.o)
                0x0011170c                irrstInit
 .text.irrstExit
                0x00111870       0xcc E:/DevKitPro/libctru/lib\libctru.a(irrst.o)
                0x00111870                irrstExit
 .text.irrstScanInput
                0x0011193c       0xb4 E:/DevKitPro/libctru/lib\libctru.a(irrst.o)
                0x0011193c                irrstScanInput
 .text.irrstKeysHeld
                0x001119f0       0x24 E:/DevKitPro/libctru/lib\libctru.a(irrst.o)
                0x001119f0                irrstKeysHeld
 .text.srvPmGetSessionHandle
                0x00111a14        0xc E:/DevKitPro/libctru/lib\libctru.a(srvpm.o)
                0x00111a14                srvPmGetSessionHandle
 .text.rbtree_node_next
                0x00111a20       0x5c E:/DevKitPro/libctru/lib\libctru.a(rbtree_iterator.o)
                0x00111a20                rbtree_node_next
 .text.encode_utf16
                0x00111a7c       0x54 E:/DevKitPro/libctru/lib\libctru.a(encode_utf16.o)
                0x00111a7c                encode_utf16
 .text.encode_utf8
                0x00111ad0       0xe0 E:/DevKitPro/libctru/lib\libctru.a(encode_utf8.o)
                0x00111ad0                encode_utf8
 .text.decode_utf8
                0x00111bb0      0x13c E:/DevKitPro/libctru/lib\libctru.a(decode_utf8.o)
                0x00111bb0                decode_utf8
 .text.__appInit
                0x00111cec       0x30 E:/DevKitPro/libctru/lib\libctru.a(appInit.o)
                0x00111cec                __appInit
 .text.__syscall_getreent
                0x00111d1c       0x30 E:/DevKitPro/libctru/lib\libctru.a(syscalls.o)
                0x00111d1c                __syscall_getreent
 .text.__syscall_gettod_r
                0x00111d4c       0x64 E:/DevKitPro/libctru/lib\libctru.a(syscalls.o)
                0x00111d4c                __syscall_gettod_r
 .text.__syscall_lock_acquire
                0x00111db0        0x4 E:/DevKitPro/libctru/lib\libctru.a(syscalls.o)
                0x00111db0                __syscall_lock_acquire
 .text.__syscall_lock_release
                0x00111db4        0x4 E:/DevKitPro/libctru/lib\libctru.a(syscalls.o)
                0x00111db4                __syscall_lock_release
 .text.__syscall_lock_acquire_recursive
                0x00111db8        0x4 E:/DevKitPro/libctru/lib\libctru.a(syscalls.o)
                0x00111db8                __syscall_lock_acquire_recursive
 .text.__syscall_lock_release_recursive
                0x00111dbc        0x4 E:/DevKitPro/libctru/lib\libctru.a(syscalls.o)
                0x00111dbc                __syscall_lock_release_recursive
 .text.__syscall_exit
                0x00111dc0        0x4 E:/DevKitPro/libctru/lib\libctru.a(syscalls.o)
                0x00111dc0                __syscall_exit
 .text.initThreadVars
                0x00111dc4       0x50 E:/DevKitPro/libctru/lib\libctru.a(syscalls.o)
                0x00111dc4                initThreadVars
 .text.__system_initSyscalls
                0x00111e14       0x80 E:/DevKitPro/libctru/lib\libctru.a(syscalls.o)
                0x00111e14                __system_initSyscalls
 .text.__appExit
                0x00111e94       0x30 E:/DevKitPro/libctru/lib\libctru.a(appExit.o)
                0x00111e94                __appExit
 .text.__libctru_exit
                0x00111ec4       0x90 E:/DevKitPro/libctru/lib\libctru.a(ctru_exit.o)
                0x00111ec4                __libctru_exit
 .text.archive_link
                0x00111f54       0x14 E:/DevKitPro/libctru/lib\libctru.a(archive_dev.o)
 .text.archive_dirreset
                0x00111f68       0x14 E:/DevKitPro/libctru/lib\libctru.a(archive_dev.o)
 .text.archive_chmod
                0x00111f7c       0x14 E:/DevKitPro/libctru/lib\libctru.a(archive_dev.o)
 .text.error_cmp
                0x00111f90       0x24 E:/DevKitPro/libctru/lib\libctru.a(archive_dev.o)
 .text.archive_translate_error
                0x00111fb4       0x50 E:/DevKitPro/libctru/lib\libctru.a(archive_dev.o)
 .text.archive_seek
                0x00112004       0xc8 E:/DevKitPro/libctru/lib\libctru.a(archive_dev.o)
 .text._archiveInit.part.0
                0x001120cc       0x7c E:/DevKitPro/libctru/lib\libctru.a(archive_dev.o)
 .text.archiveFindDevice.part.0
                0x00112148       0xc4 E:/DevKitPro/libctru/lib\libctru.a(archive_dev.o)
 .text.archive_utf16path
                0x0011220c      0x25c E:/DevKitPro/libctru/lib\libctru.a(archive_dev.o)
 .text._archiveUnmountDeviceStruct.part.0
                0x00112468       0xa0 E:/DevKitPro/libctru/lib\libctru.a(archive_dev.o)
 .text.archive_fchmod
                0x00112508       0x14 E:/DevKitPro/libctru/lib\libctru.a(archive_dev.o)
 .text.archive_statvfs
                0x0011251c       0x14 E:/DevKitPro/libctru/lib\libctru.a(archive_dev.o)
 .text._archiveMountDevice
                0x00112530      0x164 E:/DevKitPro/libctru/lib\libctru.a(archive_dev.o)
 .text.archive_diropen
                0x00112694       0xe8 E:/DevKitPro/libctru/lib\libctru.a(archive_dev.o)
 .text.archive_fstat
                0x0011277c       0xa4 E:/DevKitPro/libctru/lib\libctru.a(archive_dev.o)
 .text.archive_close
                0x00112820       0x6c E:/DevKitPro/libctru/lib\libctru.a(archive_dev.o)
 .text.archive_fsync
                0x0011288c       0x6c E:/DevKitPro/libctru/lib\libctru.a(archive_dev.o)
 .text.archive_dirclose
                0x001128f8       0x70 E:/DevKitPro/libctru/lib\libctru.a(archive_dev.o)
 .text.sdmc_statvfs
                0x00112968       0xe8 E:/DevKitPro/libctru/lib\libctru.a(archive_dev.o)
 .text.archive_chdir
                0x00112a50       0xec E:/DevKitPro/libctru/lib\libctru.a(archive_dev.o)
 .text.archive_ftruncate
                0x00112b3c       0x7c E:/DevKitPro/libctru/lib\libctru.a(archive_dev.o)
 .text.archive_read
                0x00112bb8       0xac E:/DevKitPro/libctru/lib\libctru.a(archive_dev.o)
 .text.archive_unlink
                0x00112c64       0xa4 E:/DevKitPro/libctru/lib\libctru.a(archive_dev.o)
 .text.archive_rmdir
                0x00112d08       0xbc E:/DevKitPro/libctru/lib\libctru.a(archive_dev.o)
 .text.archive_mkdir
                0x00112dc4       0xdc E:/DevKitPro/libctru/lib\libctru.a(archive_dev.o)
 .text.archive_stat
                0x00112ea0      0x19c E:/DevKitPro/libctru/lib\libctru.a(archive_dev.o)
 .text.archive_dirnext
                0x0011303c      0x15c E:/DevKitPro/libctru/lib\libctru.a(archive_dev.o)
 .text.archive_write
                0x00113198       0xec E:/DevKitPro/libctru/lib\libctru.a(archive_dev.o)
 .text.archive_open
                0x00113284      0x1d4 E:/DevKitPro/libctru/lib\libctru.a(archive_dev.o)
 .text.archive_rename
                0x00113458      0x278 E:/DevKitPro/libctru/lib\libctru.a(archive_dev.o)
 .text.archiveMountSdmc
                0x001136d0      0x19c E:/DevKitPro/libctru/lib\libctru.a(archive_dev.o)
                0x001136d0                archiveMountSdmc
 .text.archiveUnmountAll
                0x0011386c       0x54 E:/DevKitPro/libctru/lib\libctru.a(archive_dev.o)
                0x0011386c                archiveUnmountAll
 .text.sinf     0x001138c0      0x24c e:/devkitpro/devkitarm/bin/../lib/gcc/arm-none-eabi/12.2.0/../../../../arm-none-eabi/lib/armv6k/fpu\libm.a(libm_a-sinf.o)
                0x001138c0                sinf
 *fill*         0x00113b0c        0x4 
 .text.cosf     0x00113b10      0x22c e:/devkitpro/devkitarm/bin/../lib/gcc/arm-none-eabi/12.2.0/../../../../arm-none-eabi/lib/armv6k/fpu\libm.a(libm_a-cosf.o)
                0x00113b10                cosf
 .text.with_errnof
                0x00113d3c       0x24 e:/devkitpro/devkitarm/bin/../lib/gcc/arm-none-eabi/12.2.0/../../../../arm-none-eabi/lib/armv6k/fpu\libm.a(libm_a-math_errf.o)
 .text.__math_invalidf
                0x00113d60       0x1c e:/devkitpro/devkitarm/bin/../lib/gcc/arm-none-eabi/12.2.0/../../../../arm-none-eabi/lib/armv6k/fpu\libm.a(libm_a-math_errf.o)
                0x00113d60                __math_invalidf
 .text.__udivmoddi4
                0x00113d7c      0x120 e:/devkitpro/devkitarm/bin/../lib/gcc/arm-none-eabi/12.2.0/armv6k/fpu\libgcc.a(_udivmoddi4.o)
                0x00113d7c                __udivmoddi4
 .text.calloc   0x00113e9c       0x20 e:/devkitpro/devkitarm/bin/../lib/gcc/arm-none-eabi/12.2.0/../../../../arm-none-eabi/lib/armv6k/fpu\libg.a(libc_a-calloc.o)
                0x00113e9c                calloc
 .text._calloc_r
                0x00113ebc       0xc0 e:/devkitpro/devkitarm/bin/../lib/gcc/arm-none-eabi/12.2.0/../../../../arm-none-eabi/lib/armv6k/fpu\libg.a(libc_a-callocr.o)
                0x00113ebc                _calloc_r
 .text.exit     0x00113f7c       0x30 e:/devkitpro/devkitarm/bin/../lib/gcc/arm-none-eabi/12.2.0/../../../../arm-none-eabi/lib/armv6k/fpu\libg.a(libc_a-exit.o)
                0x00113f7c                exit
 .text.malloc   0x00113fac       0x18 e:/devkitpro/devkitarm/bin/../lib/gcc/arm-none-eabi/12.2.0/../../../../arm-none-eabi/lib/armv6k/fpu\libg.a(libc_a-malloc.o)
                0x00113fac                malloc
 .text.free     0x00113fc4       0x18 e:/devkitpro/devkitarm/bin/../lib/gcc/arm-none-eabi/12.2.0/../../../../arm-none-eabi/lib/armv6k/fpu\libg.a(libc_a-malloc.o)
                0x00113fc4                free
 .text._malloc_r
                0x00113fdc      0x7e4 e:/devkitpro/devkitarm/bin/../lib/gcc/arm-none-eabi/12.2.0/../../../../arm-none-eabi/lib/armv6k/fpu\libg.a(libc_a-mallocr.o)
                0x00113fdc                _malloc_r
 .text.__malloc_lock
                0x001147c0        0xc e:/devkitpro/devkitarm/bin/../lib/gcc/arm-none-eabi/12.2.0/../../../../arm-none-eabi/lib/armv6k/fpu\libg.a(libc_a-mlock.o)
                0x001147c0                __malloc_lock
 .text.__malloc_unlock
                0x001147cc        0xc e:/devkitpro/devkitarm/bin/../lib/gcc/arm-none-eabi/12.2.0/../../../../arm-none-eabi/lib/armv6k/fpu\libg.a(libc_a-mlock.o)
                0x001147cc                __malloc_unlock
 .text._strtoul_l.constprop.0
                0x001147d8      0x1c4 e:/devkitpro/devkitarm/bin/../lib/gcc/arm-none-eabi/12.2.0/../../../../arm-none-eabi/lib/armv6k/fpu\libg.a(libc_a-strtoul.o)
 .text._strtoul_r
                0x0011499c       0x30 e:/devkitpro/devkitarm/bin/../lib/gcc/arm-none-eabi/12.2.0/../../../../arm-none-eabi/lib/armv6k/fpu\libg.a(libc_a-strtoul.o)
                0x0011499c                _strtoul_r
 .text.strtoul  0x001149cc       0x34 e:/devkitpro/devkitarm/bin/../lib/gcc/arm-none-eabi/12.2.0/../../../../arm-none-eabi/lib/armv6k/fpu\libg.a(libc_a-strtoul.o)
                0x001149cc                strtoul
 .text.memalign
                0x00114a00       0x20 e:/devkitpro/devkitarm/bin/../lib/gcc/arm-none-eabi/12.2.0/../../../../arm-none-eabi/lib/armv6k/fpu\libg.a(libc_a-malign.o)
                0x00114a00                memalign
 .text._memalign_r
                0x00114a20      0x14c e:/devkitpro/devkitarm/bin/../lib/gcc/arm-none-eabi/12.2.0/../../../../arm-none-eabi/lib/armv6k/fpu\libg.a(libc_a-malignr.o)
                0x00114a20                _memalign_r
 .text.bsearch  0x00114b6c       0x78 e:/devkitpro/devkitarm/bin/../lib/gcc/arm-none-eabi/12.2.0/../../../../arm-none-eabi/lib/armv6k/fpu\libg.a(libc_a-bsearch.o)
                0x00114b6c                bsearch
 .text._fclose_r
                0x00114be4      0x148 e:/devkitpro/devkitarm/bin/../lib/gcc/arm-none-eabi/12.2.0/../../../../arm-none-eabi/lib/armv6k/fpu\libg.a(libc_a-fclose.o)
                0x00114be4                _fclose_r
 .text.fclose   0x00114d2c       0x18 e:/devkitpro/devkitarm/bin/../lib/gcc/arm-none-eabi/12.2.0/../../../../arm-none-eabi/lib/armv6k/fpu\libg.a(libc_a-fclose.o)
                0x00114d2c                fclose
 .text.__sflush_r
                0x00114d44      0x234 e:/devkitpro/devkitarm/bin/../lib/gcc/arm-none-eabi/12.2.0/../../../../arm-none-eabi/lib/armv6k/fpu\libg.a(libc_a-fflush.o)
                0x00114d44                __sflush_r
 .text._fflush_r
                0x00114f78       0x94 e:/devkitpro/devkitarm/bin/../lib/gcc/arm-none-eabi/12.2.0/../../../../arm-none-eabi/lib/armv6k/fpu\libg.a(libc_a-fflush.o)
                0x00114f78                _fflush_r
 .text.stdio_exit_handler
                0x0011500c       0x1c e:/devkitpro/devkitarm/bin/../lib/gcc/arm-none-eabi/12.2.0/../../../../arm-none-eabi/lib/armv6k/fpu\libg.a(libc_a-findfp.o)
 .text.cleanup_stdio
                0x00115028       0x5c e:/devkitpro/devkitarm/bin/../lib/gcc/arm-none-eabi/12.2.0/../../../../arm-none-eabi/lib/armv6k/fpu\libg.a(libc_a-findfp.o)
 .text.global_stdio_init.part.0
                0x00115084      0x154 e:/devkitpro/devkitarm/bin/../lib/gcc/arm-none-eabi/12.2.0/../../../../arm-none-eabi/lib/armv6k/fpu\libg.a(libc_a-findfp.o)
 .text.__sfp    0x001151d8      0x134 e:/devkitpro/devkitarm/bin/../lib/gcc/arm-none-eabi/12.2.0/../../../../arm-none-eabi/lib/armv6k/fpu\libg.a(libc_a-findfp.o)
                0x001151d8                __sfp
 .text.__sinit  0x0011530c       0x5c e:/devkitpro/devkitarm/bin/../lib/gcc/arm-none-eabi/12.2.0/../../../../arm-none-eabi/lib/armv6k/fpu\libg.a(libc_a-findfp.o)
                0x0011530c                __sinit
 .text.__sfp_lock_acquire
                0x00115368        0xc e:/devkitpro/devkitarm/bin/../lib/gcc/arm-none-eabi/12.2.0/../../../../arm-none-eabi/lib/armv6k/fpu\libg.a(libc_a-findfp.o)
                0x00115368                __sfp_lock_acquire
 .text.__sfp_lock_release
                0x00115374        0xc e:/devkitpro/devkitarm/bin/../lib/gcc/arm-none-eabi/12.2.0/../../../../arm-none-eabi/lib/armv6k/fpu\libg.a(libc_a-findfp.o)
                0x00115374                __sfp_lock_release
 .text._fopen_r
                0x00115380      0x12c e:/devkitpro/devkitarm/bin/../lib/gcc/arm-none-eabi/12.2.0/../../../../arm-none-eabi/lib/armv6k/fpu\libg.a(libc_a-fopen.o)
                0x00115380                _fopen_r
 .text.fopen    0x001154ac       0x20 e:/devkitpro/devkitarm/bin/../lib/gcc/arm-none-eabi/12.2.0/../../../../arm-none-eabi/lib/armv6k/fpu\libg.a(libc_a-fopen.o)
                0x001154ac                fopen
 .text._fread_r
                0x001154cc      0x344 e:/devkitpro/devkitarm/bin/../lib/gcc/arm-none-eabi/12.2.0/../../../../arm-none-eabi/lib/armv6k/fpu\libg.a(libc_a-fread.o)
                0x001154cc                _fread_r
 .text.fread    0x00115810       0x38 e:/devkitpro/devkitarm/bin/../lib/gcc/arm-none-eabi/12.2.0/../../../../arm-none-eabi/lib/armv6k/fpu\libg.a(libc_a-fread.o)
                0x00115810                fread
 .text._fseek_r
                0x00115848       0x1c e:/devkitpro/devkitarm/bin/../lib/gcc/arm-none-eabi/12.2.0/../../../../arm-none-eabi/lib/armv6k/fpu\libg.a(libc_a-fseek.o)
                0x00115848                _fseek_r
 .text._fwalk_sglue
                0x00115864       0x70 e:/devkitpro/devkitarm/bin/../lib/gcc/arm-none-eabi/12.2.0/../../../../arm-none-eabi/lib/armv6k/fpu\libg.a(libc_a-fwalk.o)
                0x00115864                _fwalk_sglue
 .text.__smakebuf_r
                0x001158d4      0x130 e:/devkitpro/devkitarm/bin/../lib/gcc/arm-none-eabi/12.2.0/../../../../arm-none-eabi/lib/armv6k/fpu\libg.a(libc_a-makebuf.o)
                0x001158d4                __smakebuf_r
 .text.__swhatbuf_r
                0x00115a04       0x8c e:/devkitpro/devkitarm/bin/../lib/gcc/arm-none-eabi/12.2.0/../../../../arm-none-eabi/lib/armv6k/fpu\libg.a(libc_a-makebuf.o)
                0x00115a04                __swhatbuf_r
 .text.printf   0x00115a90       0x34 e:/devkitpro/devkitarm/bin/../lib/gcc/arm-none-eabi/12.2.0/../../../../arm-none-eabi/lib/armv6k/fpu\libg.a(libc_a-printf.o)
                0x00115a90                printf
 .text._puts_r  0x00115ac4       0xe0 e:/devkitpro/devkitarm/bin/../lib/gcc/arm-none-eabi/12.2.0/../../../../arm-none-eabi/lib/armv6k/fpu\libg.a(libc_a-puts.o)
                0x00115ac4                _puts_r
 .text.puts     0x00115ba4       0x18 e:/devkitpro/devkitarm/bin/../lib/gcc/arm-none-eabi/12.2.0/../../../../arm-none-eabi/lib/armv6k/fpu\libg.a(libc_a-puts.o)
                0x00115ba4                puts
 .text.lflush   0x00115bbc       0x38 e:/devkitpro/devkitarm/bin/../lib/gcc/arm-none-eabi/12.2.0/../../../../arm-none-eabi/lib/armv6k/fpu\libg.a(libc_a-refill.o)
 .text.__srefill_r
                0x00115bf4      0x19c e:/devkitpro/devkitarm/bin/../lib/gcc/arm-none-eabi/12.2.0/../../../../arm-none-eabi/lib/armv6k/fpu\libg.a(libc_a-refill.o)
                0x00115bf4                __srefill_r
 .text.setvbuf  0x00115d90      0x264 e:/devkitpro/devkitarm/bin/../lib/gcc/arm-none-eabi/12.2.0/../../../../arm-none-eabi/lib/armv6k/fpu\libg.a(libc_a-setvbuf.o)
                0x00115d90                setvbuf
 .text.sscanf   0x00115ff4       0x74 e:/devkitpro/devkitarm/bin/../lib/gcc/arm-none-eabi/12.2.0/../../../../arm-none-eabi/lib/armv6k/fpu\libg.a(libc_a-sscanf.o)
                0x00115ff4                sscanf
 .text.__sread  0x00116068       0x44 e:/devkitpro/devkitarm/bin/../lib/gcc/arm-none-eabi/12.2.0/../../../../arm-none-eabi/lib/armv6k/fpu\libg.a(libc_a-stdio.o)
                0x00116068                __sread
 .text.__seofread
                0x001160ac        0x8 e:/devkitpro/devkitarm/bin/../lib/gcc/arm-none-eabi/12.2.0/../../../../arm-none-eabi/lib/armv6k/fpu\libg.a(libc_a-stdio.o)
                0x001160ac                __seofread
 .text.__swrite
                0x001160b4       0x68 e:/devkitpro/devkitarm/bin/../lib/gcc/arm-none-eabi/12.2.0/../../../../arm-none-eabi/lib/armv6k/fpu\libg.a(libc_a-stdio.o)
                0x001160b4                __swrite
 .text.__sseek  0x0011611c       0x44 e:/devkitpro/devkitarm/bin/../lib/gcc/arm-none-eabi/12.2.0/../../../../arm-none-eabi/lib/armv6k/fpu\libg.a(libc_a-stdio.o)
                0x0011611c                __sseek
 .text.__sclose
                0x00116160        0x8 e:/devkitpro/devkitarm/bin/../lib/gcc/arm-none-eabi/12.2.0/../../../../arm-none-eabi/lib/armv6k/fpu\libg.a(libc_a-stdio.o)
                0x00116160                __sclose
 .text._fseeko_r
                0x00116168      0x5a0 e:/devkitpro/devkitarm/bin/../lib/gcc/arm-none-eabi/12.2.0/../../../../arm-none-eabi/lib/armv6k/fpu\libg.a(libc_a-fseeko.o)
                0x00116168                _fseeko_r
 .text.memcmp   0x00116708       0xb0 e:/devkitpro/devkitarm/bin/../lib/gcc/arm-none-eabi/12.2.0/../../../../arm-none-eabi/lib/armv6k/fpu\libg.a(libc_a-memcmp.o)
                0x00116708                memcmp
 .text.memset   0x001167b8       0xf4 e:/devkitpro/devkitarm/bin/../lib/gcc/arm-none-eabi/12.2.0/../../../../arm-none-eabi/lib/armv6k/fpu\libg.a(libc_a-memset.o)
                0x001167b8                memset
 .text.strchr   0x001168ac      0x130 e:/devkitpro/devkitarm/bin/../lib/gcc/arm-none-eabi/12.2.0/../../../../arm-none-eabi/lib/armv6k/fpu\libg.a(libc_a-strchr.o)
                0x001168ac                strchr
 .text.strlen   0x001169dc       0x90 e:/devkitpro/devkitarm/bin/../lib/gcc/arm-none-eabi/12.2.0/../../../../arm-none-eabi/lib/armv6k/fpu\libg.a(libc_a-strlen.o)
                0x001169dc                strlen
 .text.strncat  0x00116a6c       0xe4 e:/devkitpro/devkitarm/bin/../lib/gcc/arm-none-eabi/12.2.0/../../../../arm-none-eabi/lib/armv6k/fpu\libg.a(libc_a-strncat.o)
                0x00116a6c                strncat
 .text.strncmp  0x00116b50       0xe4 e:/devkitpro/devkitarm/bin/../lib/gcc/arm-none-eabi/12.2.0/../../../../arm-none-eabi/lib/armv6k/fpu\libg.a(libc_a-strncmp.o)
                0x00116b50                strncmp
 .text.strncpy  0x00116c34       0xc4 e:/devkitpro/devkitarm/bin/../lib/gcc/arm-none-eabi/12.2.0/../../../../arm-none-eabi/lib/armv6k/fpu\libg.a(libc_a-strncpy.o)
                0x00116c34                strncpy
 .text.strnlen  0x00116cf8       0x48 e:/devkitpro/devkitarm/bin/../lib/gcc/arm-none-eabi/12.2.0/../../../../arm-none-eabi/lib/armv6k/fpu\libg.a(libc_a-strnlen.o)
                0x00116cf8                strnlen
 .text.time     0x00116d40       0x4c e:/devkitpro/devkitarm/bin/../lib/gcc/arm-none-eabi/12.2.0/../../../../arm-none-eabi/lib/armv6k/fpu\libg.a(libc_a-time.o)
                0x00116d40                time
 .text.__errno  0x00116d8c        0xc e:/devkitpro/devkitarm/bin/../lib/gcc/arm-none-eabi/12.2.0/../../../../arm-none-eabi/lib/armv6k/fpu\libg.a(libc_a-errno.o)
                0x00116d8c                __errno
 .text.__libc_init_array
                0x00116d98       0x84 e:/devkitpro/devkitarm/bin/../lib/gcc/arm-none-eabi/12.2.0/../../../../arm-none-eabi/lib/armv6k/fpu\libg.a(libc_a-init.o)
                0x00116d98                __libc_init_array
 .text.__libc_fini_array
                0x00116e1c       0x3c e:/devkitpro/devkitarm/bin/../lib/gcc/arm-none-eabi/12.2.0/../../../../arm-none-eabi/lib/armv6k/fpu\libg.a(libc_a-fini.o)
                0x00116e1c                __libc_fini_array
 .text.memchr   0x00116e58       0xe4 e:/devkitpro/devkitarm/bin/../lib/gcc/arm-none-eabi/12.2.0/../../../../arm-none-eabi/lib/armv6k/fpu\libg.a(libc_a-memchr-stub.o)
                0x00116e58                memchr
 .text.memcpy   0x00116f3c      0x118 e:/devkitpro/devkitarm/bin/../lib/gcc/arm-none-eabi/12.2.0/../../../../arm-none-eabi/lib/armv6k/fpu\libg.a(libc_a-memcpy-stub.o)
                0x00116f3c                memcpy
 .text.__call_exitprocs
                0x00117054      0x110 e:/devkitpro/devkitarm/bin/../lib/gcc/arm-none-eabi/12.2.0/../../../../arm-none-eabi/lib/armv6k/fpu\libg.a(libc_a-__call_atexit.o)
                0x00117054                __call_exitprocs
 .text._malloc_trim_r
                0x00117164       0xf8 e:/devkitpro/devkitarm/bin/../lib/gcc/arm-none-eabi/12.2.0/../../../../arm-none-eabi/lib/armv6k/fpu\libg.a(libc_a-freer.o)
                0x00117164                _malloc_trim_r
 .text._free_r  0x0011725c      0x2e8 e:/devkitpro/devkitarm/bin/../lib/gcc/arm-none-eabi/12.2.0/../../../../arm-none-eabi/lib/armv6k/fpu\libg.a(libc_a-freer.o)
                0x0011725c                _free_r
 .text.get_arg  0x00117544       0x50 e:/devkitpro/devkitarm/bin/../lib/gcc/arm-none-eabi/12.2.0/../../../../arm-none-eabi/lib/armv6k/fpu\libg.a(libc_a-svfscanf.o)
 .text.__ssvfscanf_r
                0x00117594     0x2c44 e:/devkitpro/devkitarm/bin/../lib/gcc/arm-none-eabi/12.2.0/../../../../arm-none-eabi/lib/armv6k/fpu\libg.a(libc_a-svfscanf.o)
                0x00117594                __ssvfscanf_r
 .text.get_arg  0x0011a1d8      0x67c e:/devkitpro/devkitarm/bin/../lib/gcc/arm-none-eabi/12.2.0/../../../../arm-none-eabi/lib/armv6k/fpu\libg.a(libc_a-vfprintf.o)
 *fill*         0x0011a854        0x4 
 .text._vfprintf_r
                0x0011a858     0x33b8 e:/devkitpro/devkitarm/bin/../lib/gcc/arm-none-eabi/12.2.0/../../../../arm-none-eabi/lib/armv6k/fpu\libg.a(libc_a-vfprintf.o)
                0x0011a858                _vfprintf_r
 .text.__sbprintf
                0x0011dc10       0xb8 e:/devkitpro/devkitarm/bin/../lib/gcc/arm-none-eabi/12.2.0/../../../../arm-none-eabi/lib/armv6k/fpu\libg.a(libc_a-vfprintf.o)
 .text.get_arg  0x0011dcc8      0x67c e:/devkitpro/devkitarm/bin/../lib/gcc/arm-none-eabi/12.2.0/../../../../arm-none-eabi/lib/armv6k/fpu\libg.a(libc_a-vfiprintf.o)
 .text.__sprint_r
                0x0011e344       0x30 e:/devkitpro/devkitarm/bin/../lib/gcc/arm-none-eabi/12.2.0/../../../../arm-none-eabi/lib/armv6k/fpu\libg.a(libc_a-vfiprintf.o)
                0x0011e344                __sprint_r
 .text._vfiprintf_r
                0x0011e374     0x230c e:/devkitpro/devkitarm/bin/../lib/gcc/arm-none-eabi/12.2.0/../../../../arm-none-eabi/lib/armv6k/fpu\libg.a(libc_a-vfiprintf.o)
                0x0011e374                _vfiprintf_r
 .text.__sbprintf
                0x00120680       0xb8 e:/devkitpro/devkitarm/bin/../lib/gcc/arm-none-eabi/12.2.0/../../../../arm-none-eabi/lib/armv6k/fpu\libg.a(libc_a-vfiprintf.o)
 .text.__sflags
                0x00120738       0xc8 e:/devkitpro/devkitarm/bin/../lib/gcc/arm-none-eabi/12.2.0/../../../../arm-none-eabi/lib/armv6k/fpu\libg.a(libc_a-flags.o)
                0x00120738                __sflags
 .text.__sfvwrite_r
                0x00120800      0x4b4 e:/devkitpro/devkitarm/bin/../lib/gcc/arm-none-eabi/12.2.0/../../../../arm-none-eabi/lib/armv6k/fpu\libg.a(libc_a-fvwrite.o)
                0x00120800                __sfvwrite_r
 .text.__sccl   0x00120cb4       0xf4 e:/devkitpro/devkitarm/bin/../lib/gcc/arm-none-eabi/12.2.0/../../../../arm-none-eabi/lib/armv6k/fpu\libg.a(libc_a-sccl.o)
                0x00120cb4                __sccl
 .text.sprintf  0x00120da8       0x64 e:/devkitpro/devkitarm/bin/../lib/gcc/arm-none-eabi/12.2.0/../../../../arm-none-eabi/lib/armv6k/fpu\libg.a(libc_a-sprintf.o)
                0x00120da8                sprintf
 .text.__swsetup_r
                0x00120e0c      0x134 e:/devkitpro/devkitarm/bin/../lib/gcc/arm-none-eabi/12.2.0/../../../../arm-none-eabi/lib/armv6k/fpu\libg.a(libc_a-wsetup.o)
                0x00120e0c                __swsetup_r
 .text.memmove  0x00120f40      0x150 e:/devkitpro/devkitarm/bin/../lib/gcc/arm-none-eabi/12.2.0/../../../../arm-none-eabi/lib/armv6k/fpu\libg.a(libc_a-memmove.o)
                0x00120f40                memmove
 .text.stpncpy  0x00121090       0xcc e:/devkitpro/devkitarm/bin/../lib/gcc/arm-none-eabi/12.2.0/../../../../arm-none-eabi/lib/armv6k/fpu\libg.a(libc_a-stpncpy.o)
                0x00121090                stpncpy
 .text.__locale_mb_cur_max
                0x0012115c       0x24 e:/devkitpro/devkitarm/bin/../lib/gcc/arm-none-eabi/12.2.0/../../../../arm-none-eabi/lib/armv6k/fpu\libg.a(libc_a-locale.o)
                0x0012115c                __locale_mb_cur_max
 .text._localeconv_r
                0x00121180       0x24 e:/devkitpro/devkitarm/bin/../lib/gcc/arm-none-eabi/12.2.0/../../../../arm-none-eabi/lib/armv6k/fpu\libg.a(libc_a-localeconv.o)
                0x00121180                _localeconv_r
 .text.nanf     0x001211a4        0xc e:/devkitpro/devkitarm/bin/../lib/gcc/arm-none-eabi/12.2.0/../../../../arm-none-eabi/lib/armv6k/fpu\libg.a(libm_a-sf_nan.o)
                0x001211a4                nanf
 .text.frexp    0x001211b0       0x88 e:/devkitpro/devkitarm/bin/../lib/gcc/arm-none-eabi/12.2.0/../../../../arm-none-eabi/lib/armv6k/fpu\libg.a(libm_a-s_frexp.o)
                0x001211b0                frexp
 .text.quorem   0x00121238      0x1b0 e:/devkitpro/devkitarm/bin/../lib/gcc/arm-none-eabi/12.2.0/../../../../arm-none-eabi/lib/armv6k/fpu\libg.a(libc_a-dtoa.o)
 .text._dtoa_r  0x001213e8     0x11f8 e:/devkitpro/devkitarm/bin/../lib/gcc/arm-none-eabi/12.2.0/../../../../arm-none-eabi/lib/armv6k/fpu\libg.a(libc_a-dtoa.o)
                0x001213e8                _dtoa_r
 .text.__utf8_mbtowc
                0x001225e0      0x2f8 e:/devkitpro/devkitarm/bin/../lib/gcc/arm-none-eabi/12.2.0/../../../../arm-none-eabi/lib/armv6k/fpu\libg.a(libc_a-mbtowc_r.o)
                0x001225e0                __utf8_mbtowc
 .text._Balloc  0x001228d8       0x88 e:/devkitpro/devkitarm/bin/../lib/gcc/arm-none-eabi/12.2.0/../../../../arm-none-eabi/lib/armv6k/fpu\libg.a(libc_a-mprec.o)
                0x001228d8                _Balloc
 .text._Bfree   0x00122960       0x1c e:/devkitpro/devkitarm/bin/../lib/gcc/arm-none-eabi/12.2.0/../../../../arm-none-eabi/lib/armv6k/fpu\libg.a(libc_a-mprec.o)
                0x00122960                _Bfree
 .text.__multadd
                0x0012297c       0xf4 e:/devkitpro/devkitarm/bin/../lib/gcc/arm-none-eabi/12.2.0/../../../../arm-none-eabi/lib/armv6k/fpu\libg.a(libc_a-mprec.o)
                0x0012297c                __multadd
 .text.__s2b    0x00122a70      0x110 e:/devkitpro/devkitarm/bin/../lib/gcc/arm-none-eabi/12.2.0/../../../../arm-none-eabi/lib/armv6k/fpu\libg.a(libc_a-mprec.o)
                0x00122a70                __s2b
 .text.__hi0bits
                0x00122b80       0x60 e:/devkitpro/devkitarm/bin/../lib/gcc/arm-none-eabi/12.2.0/../../../../arm-none-eabi/lib/armv6k/fpu\libg.a(libc_a-mprec.o)
                0x00122b80                __hi0bits
 .text.__lo0bits
                0x00122be0       0x9c e:/devkitpro/devkitarm/bin/../lib/gcc/arm-none-eabi/12.2.0/../../../../arm-none-eabi/lib/armv6k/fpu\libg.a(libc_a-mprec.o)
                0x00122be0                __lo0bits
 .text.__i2b    0x00122c7c       0xac e:/devkitpro/devkitarm/bin/../lib/gcc/arm-none-eabi/12.2.0/../../../../arm-none-eabi/lib/armv6k/fpu\libg.a(libc_a-mprec.o)
                0x00122c7c                __i2b
 .text.__multiply
                0x00122d28      0x204 e:/devkitpro/devkitarm/bin/../lib/gcc/arm-none-eabi/12.2.0/../../../../arm-none-eabi/lib/armv6k/fpu\libg.a(libc_a-mprec.o)
                0x00122d28                __multiply
 .text.__pow5mult
                0x00122f2c      0x128 e:/devkitpro/devkitarm/bin/../lib/gcc/arm-none-eabi/12.2.0/../../../../arm-none-eabi/lib/armv6k/fpu\libg.a(libc_a-mprec.o)
                0x00122f2c                __pow5mult
 .text.__lshift
                0x00123054      0x140 e:/devkitpro/devkitarm/bin/../lib/gcc/arm-none-eabi/12.2.0/../../../../arm-none-eabi/lib/armv6k/fpu\libg.a(libc_a-mprec.o)
                0x00123054                __lshift
 .text.__mcmp   0x00123194       0x58 e:/devkitpro/devkitarm/bin/../lib/gcc/arm-none-eabi/12.2.0/../../../../arm-none-eabi/lib/armv6k/fpu\libg.a(libc_a-mprec.o)
                0x00123194                __mcmp
 .text.__mdiff  0x001231ec      0x1f0 e:/devkitpro/devkitarm/bin/../lib/gcc/arm-none-eabi/12.2.0/../../../../arm-none-eabi/lib/armv6k/fpu\libg.a(libc_a-mprec.o)
                0x001231ec                __mdiff
 .text.__ulp    0x001233dc       0x68 e:/devkitpro/devkitarm/bin/../lib/gcc/arm-none-eabi/12.2.0/../../../../arm-none-eabi/lib/armv6k/fpu\libg.a(libc_a-mprec.o)
                0x001233dc                __ulp
 .text.__b2d    0x00123444       0xd0 e:/devkitpro/devkitarm/bin/../lib/gcc/arm-none-eabi/12.2.0/../../../../arm-none-eabi/lib/armv6k/fpu\libg.a(libc_a-mprec.o)
                0x00123444                __b2d
 .text.__d2b    0x00123514      0x120 e:/devkitpro/devkitarm/bin/../lib/gcc/arm-none-eabi/12.2.0/../../../../arm-none-eabi/lib/armv6k/fpu\libg.a(libc_a-mprec.o)
                0x00123514                __d2b
 .text.__ratio  0x00123634       0x78 e:/devkitpro/devkitarm/bin/../lib/gcc/arm-none-eabi/12.2.0/../../../../arm-none-eabi/lib/armv6k/fpu\libg.a(libc_a-mprec.o)
                0x00123634                __ratio
 .text.__copybits
                0x001236ac       0x88 e:/devkitpro/devkitarm/bin/../lib/gcc/arm-none-eabi/12.2.0/../../../../arm-none-eabi/lib/armv6k/fpu\libg.a(libc_a-mprec.o)
                0x001236ac                __copybits
 .text.__any_on
                0x00123734       0x5c e:/devkitpro/devkitarm/bin/../lib/gcc/arm-none-eabi/12.2.0/../../../../arm-none-eabi/lib/armv6k/fpu\libg.a(libc_a-mprec.o)
                0x00123734                __any_on
 .text.realloc  0x00123790       0x20 e:/devkitpro/devkitarm/bin/../lib/gcc/arm-none-eabi/12.2.0/../../../../arm-none-eabi/lib/armv6k/fpu\libg.a(libc_a-realloc.o)
                0x00123790                realloc
 .text._realloc_r
                0x001237b0      0x4a0 e:/devkitpro/devkitarm/bin/../lib/gcc/arm-none-eabi/12.2.0/../../../../arm-none-eabi/lib/armv6k/fpu\libg.a(libc_a-reallocr.o)
                0x001237b0                _realloc_r
 .text.sulp     0x00123c50       0x64 e:/devkitpro/devkitarm/bin/../lib/gcc/arm-none-eabi/12.2.0/../../../../arm-none-eabi/lib/armv6k/fpu\libg.a(libc_a-strtod.o)
 *fill*         0x00123cb4        0x4 
 .text._strtod_l
                0x00123cb8     0x13a8 e:/devkitpro/devkitarm/bin/../lib/gcc/arm-none-eabi/12.2.0/../../../../arm-none-eabi/lib/armv6k/fpu\libg.a(libc_a-strtod.o)
                0x00123cb8                _strtod_l
 .text._strtod_r
                0x00125060       0x40 e:/devkitpro/devkitarm/bin/../lib/gcc/arm-none-eabi/12.2.0/../../../../arm-none-eabi/lib/armv6k/fpu\libg.a(libc_a-strtod.o)
                0x00125060                _strtod_r
 .text._strtol_l.part.0
                0x001250a0      0x1a4 e:/devkitpro/devkitarm/bin/../lib/gcc/arm-none-eabi/12.2.0/../../../../arm-none-eabi/lib/armv6k/fpu\libg.a(libc_a-strtol.o)
 .text._strtol_r
                0x00125244       0x60 e:/devkitpro/devkitarm/bin/../lib/gcc/arm-none-eabi/12.2.0/../../../../arm-none-eabi/lib/armv6k/fpu\libg.a(libc_a-strtol.o)
                0x00125244                _strtol_r
 .text.__utf8_wctomb
                0x001252a4       0xf0 e:/devkitpro/devkitarm/bin/../lib/gcc/arm-none-eabi/12.2.0/../../../../arm-none-eabi/lib/armv6k/fpu\libg.a(libc_a-wctomb_r.o)
                0x001252a4                __utf8_wctomb
 .text._strtoll_l.constprop.0
                0x00125394      0x22c e:/devkitpro/devkitarm/bin/../lib/gcc/arm-none-eabi/12.2.0/../../../../arm-none-eabi/lib/armv6k/fpu\libg.a(libc_a-strtoll.o)
 .text._strtoll_r
                0x001255c0       0x30 e:/devkitpro/devkitarm/bin/../lib/gcc/arm-none-eabi/12.2.0/../../../../arm-none-eabi/lib/armv6k/fpu\libg.a(libc_a-strtoll.o)
                0x001255c0                _strtoll_r
 .text._strtoull_l.constprop.0
                0x001255f0      0x244 e:/devkitpro/devkitarm/bin/../lib/gcc/arm-none-eabi/12.2.0/../../../../arm-none-eabi/lib/armv6k/fpu\libg.a(libc_a-strtoull.o)
 .text._strtoull_r
                0x00125834       0x30 e:/devkitpro/devkitarm/bin/../lib/gcc/arm-none-eabi/12.2.0/../../../../arm-none-eabi/lib/armv6k/fpu\libg.a(libc_a-strtoull.o)
                0x00125834                _strtoull_r
 .text._mbrtowc_r
                0x00125864       0xbc e:/devkitpro/devkitarm/bin/../lib/gcc/arm-none-eabi/12.2.0/../../../../arm-none-eabi/lib/armv6k/fpu\libg.a(libc_a-mbrtowc.o)
                0x00125864                _mbrtowc_r
 .text._wcrtomb_r
                0x00125920       0x94 e:/devkitpro/devkitarm/bin/../lib/gcc/arm-none-eabi/12.2.0/../../../../arm-none-eabi/lib/armv6k/fpu\libg.a(libc_a-wcrtomb.o)
                0x00125920                _wcrtomb_r
 .text._wcsrtombs_r
                0x001259b4       0x28 e:/devkitpro/devkitarm/bin/../lib/gcc/arm-none-eabi/12.2.0/../../../../arm-none-eabi/lib/armv6k/fpu\libg.a(libc_a-wcsrtombs.o)
                0x001259b4                _wcsrtombs_r
 .text.iswspace
                0x001259dc        0x8 e:/devkitpro/devkitarm/bin/../lib/gcc/arm-none-eabi/12.2.0/../../../../arm-none-eabi/lib/armv6k/fpu\libg.a(libc_a-iswspace.o)
                0x001259dc                iswspace
 .text.iswspace_l
                0x001259e4       0x38 e:/devkitpro/devkitarm/bin/../lib/gcc/arm-none-eabi/12.2.0/../../../../arm-none-eabi/lib/armv6k/fpu\libg.a(libc_a-iswspace_l.o)
                0x001259e4                iswspace_l
 .text.__ssprint_r
                0x00125a1c      0x188 e:/devkitpro/devkitarm/bin/../lib/gcc/arm-none-eabi/12.2.0/../../../../arm-none-eabi/lib/armv6k/fpu\libg.a(libc_a-svfiprintf.o)
                0x00125a1c                __ssprint_r
 .text._sungetc_r
                0x00125ba4       0xd4 e:/devkitpro/devkitarm/bin/../lib/gcc/arm-none-eabi/12.2.0/../../../../arm-none-eabi/lib/armv6k/fpu\libg.a(libc_a-svfiscanf.o)
                0x00125ba4                _sungetc_r